../Core/Src/drv8833.c:18:6:DRV8833_Init	8	static
../Core/Src/drv8833.c:37:6:lockInterruptDisable_TIM3	8	static
../Core/Src/drv8833.c:41:6:lockInterruptEnable_TIM3	8	static
../Core/Src/drv8833.c:45:6:lockInterruptDisable_TIM4	8	static
../Core/Src/drv8833.c:49:6:lockInterruptEnable_TIM4	8	static
../Core/Src/drv8833.c:53:6:resetGyroAngle	4	static
../Core/Src/drv8833.c:59:6:updateGyroAngle	16	static
../Core/Src/drv8833.c:68:6:HAL_SYSTICK_Callback	4	static
../Core/Src/drv8833.c:80:6:RightMotor_SetSpeed	24	static
../Core/Src/drv8833.c:92:6:RightMotor_Stop	4	static
../Core/Src/drv8833.c:99:6:LeftMotor_SetSpeed	24	static
../Core/Src/drv8833.c:111:6:LeftMotor_Stop	4	static
../Core/Src/drv8833.c:117:6:Motor_Stop	4	static
../Core/Src/drv8833.c:126:6:rightTurn	16	static
../Core/Src/drv8833.c:156:6:leftTurn	16	static
