../Core/Src/encoder_motor.c:17:6:resetLeftEncoder	8	static
../Core/Src/encoder_motor.c:24:6:resetRightEncoder	8	static
../Core/Src/encoder_motor.c:31:6:setLeftEncoderValue	16	static
../Core/Src/encoder_motor.c:36:10:getLeftEncoderValue	4	static
../Core/Src/encoder_motor.c:41:6:setRightEncoderValue	16	static
../Core/Src/encoder_motor.c:46:10:getRightEncoderValue	4	static
../Core/Src/encoder_motor.c:51:6:Update_Encoder_Speeds	40	static
../Core/Src/encoder_motor.c:67:7:getLeftEncoderDistance	24	static
../Core/Src/encoder_motor.c:78:7:getRightEncoderDistance	24	static
../Core/Src/encoder_motor.c:89:7:getAverageDistance	16	static
