../Core/Src/main.c:98:5:main	24	static
../Core/Src/main.c:208:6:SystemClock_Config	88	static
../Core/Src/main.c:255:13:MX_I2C1_Init	8	static
../Core/Src/main.c:289:13:MX_I2C2_Init	8	static
../Core/Src/main.c:323:13:MX_I2C3_Init	8	static
../Core/Src/main.c:357:13:MX_TIM1_Init	96	static
../Core/Src/main.c:436:13:MX_TIM2_Init	64	static
../Core/Src/main.c:499:13:MX_TIM3_Init	56	static
../Core/Src/main.c:548:13:MX_TIM4_Init	56	static
../Core/Src/main.c:597:13:MX_GPIO_Init	24	static
../Core/Src/main.c:621:6:Error_Handler	4	static,ignoring_inline_asm
