../Core/Src/map_track_alg.c:131:6:initMouseMaze	56	static
../Core/Src/map_track_alg.c:161:6:explore	56	static
../Core/Src/map_track_alg.c:204:6:fetchMouseData	32	static
../Core/Src/map_track_alg.c:223:6:forward	32	static
../Core/Src/map_track_alg.c:268:6:turnRight	16	static
../Core/Src/map_track_alg.c:275:6:turnLeft	16	static
../Core/Src/map_track_alg.c:282:6:rotateTo	24	static
../Core/Src/map_track_alg.c:299:6:isValid	16	static
../Core/Src/map_track_alg.c:304:6:setWall	24	static
../Core/Src/map_track_alg.c:324:5:readSensor	24	static
../Core/Src/map_track_alg.c:366:5:findPath	2416	static
../Core/Src/map_track_alg.c:410:6:goTo	2144	static
../Core/Src/map_track_alg.c:452:12:findNearestUnknown	2392	static
../Core/Src/map_track_alg.c:480:6:returnToStart	16	static
../Core/Src/map_track_alg.c:485:5:findOptimalPath	3184	static
../Core/Src/map_track_alg.c:547:6:goToOptimal	2144	static
../Core/Src/map_track_alg.c:592:6:calculateRoute	16	static
../Core/Src/map_track_alg.c:596:6:renderMaze	32	static
