../Core/Src/map_track_alg.c:131:6:initMouseMaze	56	static
../Core/Src/map_track_alg.c:161:6:explore	56	static
../Core/Src/map_track_alg.c:204:6:fetchMouseData	32	static
../Core/Src/map_track_alg.c:223:6:forward	32	static
../Core/Src/map_track_alg.c:264:6:turnRight	16	static
../Core/Src/map_track_alg.c:271:6:turnLeft	16	static
../Core/Src/map_track_alg.c:278:6:rotateTo	24	static
../Core/Src/map_track_alg.c:295:6:isValid	16	static
../Core/Src/map_track_alg.c:300:6:setWall	24	static
../Core/Src/map_track_alg.c:320:5:readSensor	24	static
../Core/Src/map_track_alg.c:362:5:findPath	2416	static
../Core/Src/map_track_alg.c:406:6:goTo	2144	static
../Core/Src/map_track_alg.c:448:12:findNearestUnknown	2392	static
../Core/Src/map_track_alg.c:476:6:returnToStart	16	static
../Core/Src/map_track_alg.c:481:5:findOptimalPath	3184	static
../Core/Src/map_track_alg.c:543:6:goToOptimal	2144	static
../Core/Src/map_track_alg.c:588:6:calculateRoute	16	static
../Core/Src/map_track_alg.c:592:6:renderMaze	32	static
