../Core/Src/vl53l0x.c:17:6:writeReg	40	static
../Core/Src/vl53l0x.c:22:6:writeReg16Bit	40	static
../Core/Src/vl53l0x.c:29:6:writeReg32Bit	48	static
../Core/Src/vl53l0x.c:38:9:readReg	40	static
../Core/Src/vl53l0x.c:44:10:readReg16Bit	40	static
../Core/Src/vl53l0x.c:52:10:readReg32Bit	40	static
../Core/Src/vl53l0x.c:60:6:writeMulti	48	static
../Core/Src/vl53l0x.c:64:6:readMulti	48	static
../Core/Src/vl53l0x.c:72:6:setAddress_VL53L0X	16	static
../Core/Src/vl53l0x.c:77:9:getAddress_VL53L0X	16	static
../Core/Src/vl53l0x.c:81:9:initVL53L0X	32	static
../Core/Src/vl53l0x.c:234:9:setSignalRateLimit	16	static
../Core/Src/vl53l0x.c:240:7:getSignalRateLimit	16	static
../Core/Src/vl53l0x.c:244:9:setMeasurementTimingBudget	80	static
../Core/Src/vl53l0x.c:283:10:getMeasurementTimingBudget	64	static
../Core/Src/vl53l0x.c:311:9:setVcselPulsePeriod	56	static
../Core/Src/vl53l0x.c:356:9:getVcselPulsePeriod	16	static
../Core/Src/vl53l0x.c:362:6:startContinuous	24	static
../Core/Src/vl53l0x.c:381:6:stopContinuous	16	static
../Core/Src/vl53l0x.c:390:10:readRangeContinuousMillimeters	32	static
../Core/Src/vl53l0x.c:415:10:readRangeSingleMillimeters	16	static
../Core/Src/vl53l0x.c:435:7:timeoutOccurred	24	static
../Core/Src/vl53l0x.c:441:6:setTimeout	16	static
../Core/Src/vl53l0x.c:445:10:getTimeout	16	static
../Core/Src/vl53l0x.c:453:7:getSpadInfo	32	static
../Core/Src/vl53l0x.c:483:6:getSequenceStepEnables	24	static
../Core/Src/vl53l0x.c:492:6:getSequenceStepTimeouts	24	static
../Core/Src/vl53l0x.c:504:17:decodeTimeout	16	static
../Core/Src/vl53l0x.c:508:17:encodeTimeout	24	static
../Core/Src/vl53l0x.c:521:17:timeoutMclksToMicroseconds	24	static
../Core/Src/vl53l0x.c:526:17:timeoutMicrosecondsToMclks	24	static
../Core/Src/vl53l0x.c:531:7:performSingleRefCalibration	16	static
