../Core/Src/vl53l0x.c:44:6:writeReg	32	static
../Core/Src/vl53l0x.c:51:6:writeReg16Bit	32	static
../Core/Src/vl53l0x.c:58:6:writeReg32Bit	32	static
../Core/Src/vl53l0x.c:65:13:writeRegWithHandle	40	static
../Core/Src/vl53l0x.c:72:9:readReg	40	static
../Core/Src/vl53l0x.c:82:10:readReg16Bit	40	static
../Core/Src/vl53l0x.c:92:10:readReg32Bit	40	static
../Core/Src/vl53l0x.c:101:9:readRegWithHandle	40	static
../Core/Src/vl53l0x.c:108:6:writeMulti	32	static
../Core/Src/vl53l0x.c:116:6:readMulti	32	static
../Core/Src/vl53l0x.c:124:6:setAddress_VL53L0X	16	static
../Core/Src/vl53l0x.c:129:9:getAddress_VL53L0X	4	static
../Core/Src/vl53l0x.c:141:7:initVL53L0X	32	static
../Core/Src/vl53l0x.c:378:7:setSignalRateLimit	16	static
../Core/Src/vl53l0x.c:388:7:getSignalRateLimit	8	static
../Core/Src/vl53l0x.c:400:7:setMeasurementTimingBudget	80	static
../Core/Src/vl53l0x.c:489:10:getMeasurementTimingBudget	56	static
../Core/Src/vl53l0x.c:543:7:setVcselPulsePeriod	56	static
../Core/Src/vl53l0x.c:720:9:getVcselPulsePeriod	16	static
../Core/Src/vl53l0x.c:739:6:startContinuous	24	static
../Core/Src/vl53l0x.c:777:6:stopContinuous	8	static
../Core/Src/vl53l0x.c:792:10:readRangeContinuousMillimeters	32	static
../Core/Src/vl53l0x.c:855:10:readRangeSingleMillimeters	24	static
../Core/Src/vl53l0x.c:876:7:timeoutOccurred	16	static
../Core/Src/vl53l0x.c:883:6:setTimeout	16	static
../Core/Src/vl53l0x.c:887:10:getTimeout	4	static
../Core/Src/vl53l0x.c:896:7:getSpadInfo	24	static
../Core/Src/vl53l0x.c:938:6:getSequenceStepEnables	24	static
../Core/Src/vl53l0x.c:953:6:getSequenceStepTimeouts	16	static
../Core/Src/vl53l0x.c:987:10:decodeTimeout	16	static
../Core/Src/vl53l0x.c:998:10:encodeTimeout	24	static
../Core/Src/vl53l0x.c:1022:10:timeoutMclksToMicroseconds	24	static
../Core/Src/vl53l0x.c:1031:10:timeoutMicrosecondsToMclks	24	static
../Core/Src/vl53l0x.c:1040:7:performSingleRefCalibration	16	static
