../Drivers/MapAlgorythm/map_track_alg.c:134:6:initMouseMaze	56	static
../Drivers/MapAlgorythm/map_track_alg.c:164:6:explore	56	static
../Drivers/MapAlgorythm/map_track_alg.c:207:6:fetchMouseData	32	static
../Drivers/MapAlgorythm/map_track_alg.c:226:6:forward	32	static
../Drivers/MapAlgorythm/map_track_alg.c:271:6:turnRight	16	static
../Drivers/MapAlgorythm/map_track_alg.c:278:6:turnLeft	16	static
../Drivers/MapAlgorythm/map_track_alg.c:285:6:rotateTo	24	static
../Drivers/MapAlgorythm/map_track_alg.c:302:6:isValid	16	static
../Drivers/MapAlgorythm/map_track_alg.c:307:6:setWall	24	static
../Drivers/MapAlgorythm/map_track_alg.c:314:5:readSensor	32	static
../Drivers/MapAlgorythm/map_track_alg.c:356:5:findPath	2416	static
../Drivers/MapAlgorythm/map_track_alg.c:400:6:goTo	2144	static
../Drivers/MapAlgorythm/map_track_alg.c:442:12:findNearestUnknown	2392	static
../Drivers/MapAlgorythm/map_track_alg.c:470:6:returnToStart	16	static
../Drivers/MapAlgorythm/map_track_alg.c:475:5:findOptimalPath	3184	static
../Drivers/MapAlgorythm/map_track_alg.c:537:6:goToOptimal	2144	static
../Drivers/MapAlgorythm/map_track_alg.c:582:6:calculateRoute	16	static
../Drivers/MapAlgorythm/map_track_alg.c:586:6:renderMaze	32	static
