../Drivers/MapAlgorythm/map_track_alg.c:134:6:initMouseMaze	56	static
../Drivers/MapAlgorythm/map_track_alg.c:164:6:explore	56	static
../Drivers/MapAlgorythm/map_track_alg.c:207:6:fetchMouseData	32	static
../Drivers/MapAlgorythm/map_track_alg.c:226:6:forward	32	static
../Drivers/MapAlgorythm/map_track_alg.c:271:6:turnRight	16	static
../Drivers/MapAlgorythm/map_track_alg.c:278:6:turnLeft	16	static
../Drivers/MapAlgorythm/map_track_alg.c:285:6:rotateTo	24	static
../Drivers/MapAlgorythm/map_track_alg.c:302:6:isValid	16	static
../Drivers/MapAlgorythm/map_track_alg.c:307:6:setWall	24	static
../Drivers/MapAlgorythm/map_track_alg.c:357:5:findPath	2416	static
../Drivers/MapAlgorythm/map_track_alg.c:401:6:goTo	2144	static
../Drivers/MapAlgorythm/map_track_alg.c:443:12:findNearestUnknown	2392	static
../Drivers/MapAlgorythm/map_track_alg.c:471:6:returnToStart	16	static
../Drivers/MapAlgorythm/map_track_alg.c:476:5:findOptimalPath	3184	static
../Drivers/MapAlgorythm/map_track_alg.c:538:6:goToOptimal	2144	static
../Drivers/MapAlgorythm/map_track_alg.c:583:6:calculateRoute	16	static
../Drivers/MapAlgorythm/map_track_alg.c:587:6:renderMaze	32	static
