../Core/Src/main.c:80:6:Motor_Init	8	static
../Core/Src/main.c:99:6:MotorA_SetSpeed	24	static
../Core/Src/main.c:112:6:MotorB_SetSpeed	24	static
../Core/Src/main.c:125:6:Update_Encoder_Speeds	40	static
../Core/Src/main.c:146:5:main	24	static
../Core/Src/main.c:217:6:SystemClock_Config	88	static
../Core/Src/main.c:264:13:MX_TIM1_Init	56	static
../Core/Src/main.c:314:13:MX_TIM2_Init	64	static
../Core/Src/main.c:377:13:MX_TIM3_Init	56	static
../Core/Src/main.c:426:13:MX_TIM4_Init	48	static
../Core/Src/main.c:479:13:MX_GPIO_Init	24	static
../Core/Src/main.c:503:6:Error_Handler	4	static,ignoring_inline_asm
