../Drivers/DRV8833/drv8833.c:18:6:DRV8833_Init	8	static
../Drivers/DRV8833/drv8833.c:35:6:lockInterruptDisable_TIM3	8	static
../Drivers/DRV8833/drv8833.c:39:6:lockInterruptEnable_TIM3	8	static
../Drivers/DRV8833/drv8833.c:43:6:lockInterruptDisable_TIM4	8	static
../Drivers/DRV8833/drv8833.c:47:6:lockInterruptEnable_TIM4	8	static
../Drivers/DRV8833/drv8833.c:51:6:resetGyroAngle	4	static
../Drivers/DRV8833/drv8833.c:57:6:updateGyroAngle	16	static
../Drivers/DRV8833/drv8833.c:62:6:HAL_SYSTICK_Callback	56	static
../Drivers/DRV8833/drv8833.c:71:6:RightMotor_SetSpeed	24	static
../Drivers/DRV8833/drv8833.c:83:6:RightMotor_Stop	4	static
../Drivers/DRV8833/drv8833.c:90:6:LeftMotor_SetSpeed	24	static
../Drivers/DRV8833/drv8833.c:102:6:LeftMotor_Stop	4	static
../Drivers/DRV8833/drv8833.c:108:6:Motor_Stop	4	static
../Drivers/DRV8833/drv8833.c:117:6:rightTurn	16	static
../Drivers/DRV8833/drv8833.c:147:6:leftTurn	16	static
