Archive member included to satisfy reference by file (symbol)

C:/ST/STM32CubeIDE_1.19.0/STM32CubeIDE/plugins/com.st.stm32cube.ide.mcu.externaltools.gnu-tools-for-stm32.13.3.rel1.win32_1.0.0.202411081344/tools/bin/../lib/gcc/arm-none-eabi/13.3.1/../../../../arm-none-eabi/lib/thumb/v7e-m+fp/hard\libc_nano.a(libc_a-exit.o)
                              C:/ST/STM32CubeIDE_1.19.0/STM32CubeIDE/plugins/com.st.stm32cube.ide.mcu.externaltools.gnu-tools-for-stm32.13.3.rel1.win32_1.0.0.202411081344/tools/bin/../lib/gcc/arm-none-eabi/13.3.1/../../../../arm-none-eabi/lib/thumb/v7e-m+fp/hard/crt0.o (exit)
C:/ST/STM32CubeIDE_1.19.0/STM32CubeIDE/plugins/com.st.stm32cube.ide.mcu.externaltools.gnu-tools-for-stm32.13.3.rel1.win32_1.0.0.202411081344/tools/bin/../lib/gcc/arm-none-eabi/13.3.1/../../../../arm-none-eabi/lib/thumb/v7e-m+fp/hard\libc_nano.a(libc_a-nano-vfprintf_float.o)
                              (_printf_float)
C:/ST/STM32CubeIDE_1.19.0/STM32CubeIDE/plugins/com.st.stm32cube.ide.mcu.externaltools.gnu-tools-for-stm32.13.3.rel1.win32_1.0.0.202411081344/tools/bin/../lib/gcc/arm-none-eabi/13.3.1/../../../../arm-none-eabi/lib/thumb/v7e-m+fp/hard\libc_nano.a(libc_a-nano-vfprintf_i.o)
                              C:/ST/STM32CubeIDE_1.19.0/STM32CubeIDE/plugins/com.st.stm32cube.ide.mcu.externaltools.gnu-tools-for-stm32.13.3.rel1.win32_1.0.0.202411081344/tools/bin/../lib/gcc/arm-none-eabi/13.3.1/../../../../arm-none-eabi/lib/thumb/v7e-m+fp/hard\libc_nano.a(libc_a-nano-vfprintf_float.o) (_printf_common)
C:/ST/STM32CubeIDE_1.19.0/STM32CubeIDE/plugins/com.st.stm32cube.ide.mcu.externaltools.gnu-tools-for-stm32.13.3.rel1.win32_1.0.0.202411081344/tools/bin/../lib/gcc/arm-none-eabi/13.3.1/../../../../arm-none-eabi/lib/thumb/v7e-m+fp/hard\libc_nano.a(libc_a-findfp.o)
                              C:/ST/STM32CubeIDE_1.19.0/STM32CubeIDE/plugins/com.st.stm32cube.ide.mcu.externaltools.gnu-tools-for-stm32.13.3.rel1.win32_1.0.0.202411081344/tools/bin/../lib/gcc/arm-none-eabi/13.3.1/../../../../arm-none-eabi/lib/thumb/v7e-m+fp/hard\libc_nano.a(libc_a-exit.o) (__stdio_exit_handler)
C:/ST/STM32CubeIDE_1.19.0/STM32CubeIDE/plugins/com.st.stm32cube.ide.mcu.externaltools.gnu-tools-for-stm32.13.3.rel1.win32_1.0.0.202411081344/tools/bin/../lib/gcc/arm-none-eabi/13.3.1/../../../../arm-none-eabi/lib/thumb/v7e-m+fp/hard\libc_nano.a(libc_a-fwalk.o)
                              C:/ST/STM32CubeIDE_1.19.0/STM32CubeIDE/plugins/com.st.stm32cube.ide.mcu.externaltools.gnu-tools-for-stm32.13.3.rel1.win32_1.0.0.202411081344/tools/bin/../lib/gcc/arm-none-eabi/13.3.1/../../../../arm-none-eabi/lib/thumb/v7e-m+fp/hard\libc_nano.a(libc_a-findfp.o) (_fwalk_sglue)
C:/ST/STM32CubeIDE_1.19.0/STM32CubeIDE/plugins/com.st.stm32cube.ide.mcu.externaltools.gnu-tools-for-stm32.13.3.rel1.win32_1.0.0.202411081344/tools/bin/../lib/gcc/arm-none-eabi/13.3.1/../../../../arm-none-eabi/lib/thumb/v7e-m+fp/hard\libc_nano.a(libc_a-printf.o)
                              ./Core/Src/map_track_alg.o (printf)
C:/ST/STM32CubeIDE_1.19.0/STM32CubeIDE/plugins/com.st.stm32cube.ide.mcu.externaltools.gnu-tools-for-stm32.13.3.rel1.win32_1.0.0.202411081344/tools/bin/../lib/gcc/arm-none-eabi/13.3.1/../../../../arm-none-eabi/lib/thumb/v7e-m+fp/hard\libc_nano.a(libc_a-putchar.o)
                              ./Core/Src/map_track_alg.o (putchar)
C:/ST/STM32CubeIDE_1.19.0/STM32CubeIDE/plugins/com.st.stm32cube.ide.mcu.externaltools.gnu-tools-for-stm32.13.3.rel1.win32_1.0.0.202411081344/tools/bin/../lib/gcc/arm-none-eabi/13.3.1/../../../../arm-none-eabi/lib/thumb/v7e-m+fp/hard\libc_nano.a(libc_a-puts.o)
                              ./Core/Src/map_track_alg.o (puts)
C:/ST/STM32CubeIDE_1.19.0/STM32CubeIDE/plugins/com.st.stm32cube.ide.mcu.externaltools.gnu-tools-for-stm32.13.3.rel1.win32_1.0.0.202411081344/tools/bin/../lib/gcc/arm-none-eabi/13.3.1/../../../../arm-none-eabi/lib/thumb/v7e-m+fp/hard\libc_nano.a(libc_a-sprintf.o)
                              ./Core/Src/main.o (sprintf)
C:/ST/STM32CubeIDE_1.19.0/STM32CubeIDE/plugins/com.st.stm32cube.ide.mcu.externaltools.gnu-tools-for-stm32.13.3.rel1.win32_1.0.0.202411081344/tools/bin/../lib/gcc/arm-none-eabi/13.3.1/../../../../arm-none-eabi/lib/thumb/v7e-m+fp/hard\libc_nano.a(libc_a-stdio.o)
                              C:/ST/STM32CubeIDE_1.19.0/STM32CubeIDE/plugins/com.st.stm32cube.ide.mcu.externaltools.gnu-tools-for-stm32.13.3.rel1.win32_1.0.0.202411081344/tools/bin/../lib/gcc/arm-none-eabi/13.3.1/../../../../arm-none-eabi/lib/thumb/v7e-m+fp/hard\libc_nano.a(libc_a-findfp.o) (__sread)
C:/ST/STM32CubeIDE_1.19.0/STM32CubeIDE/plugins/com.st.stm32cube.ide.mcu.externaltools.gnu-tools-for-stm32.13.3.rel1.win32_1.0.0.202411081344/tools/bin/../lib/gcc/arm-none-eabi/13.3.1/../../../../arm-none-eabi/lib/thumb/v7e-m+fp/hard\libc_nano.a(libc_a-wbuf.o)
[...]
Memory Configuration

Name             Origin             Length             Attributes
CCMRAM           0x10000000         0x00010000         xrw
RAM              0x20000000         0x00020000         xrw
FLASH            0x08000000         0x00100000         xr
*default*        0x00000000         0xffffffff

Linker script and memory map

LOAD C:/ST/STM32CubeIDE_1.19.0/STM32CubeIDE/plugins/com.st.stm32cube.ide.mcu.externaltools.gnu-tools-for-stm32.13.3.rel1.win32_1.0.0.202411081344/tools/bin/../lib/gcc/arm-none-eabi/13.3.1/thumb/v7e-m+fp/hard/crti.o
LOAD C:/ST/STM32CubeIDE_1.19.0/STM32CubeIDE/plugins/com.st.stm32cube.ide.mcu.externaltools.gnu-tools-for-stm32.13.3.rel1.win32_1.0.0.202411081344/tools/bin/../lib/gcc/arm-none-eabi/13.3.1/thumb/v7e-m+fp/hard/crtbegin.o
LOAD C:/ST/STM32CubeIDE_1.19.0/STM32CubeIDE/plugins/com.st.stm32cube.ide.mcu.externaltools.gnu-tools-for-stm32.13.3.rel1.win32_1.0.0.202411081344/tools/bin/../lib/gcc/arm-none-eabi/13.3.1/../../../../arm-none-eabi/lib/thumb/v7e-m+fp/hard/crt0.o
LOAD ./Core/Src/drv8833.o
LOAD ./Core/Src/encoder_motor.o
LOAD ./Core/Src/main.o
LOAD ./Core/Src/map_track_alg.o
LOAD ./Core/Src/mpu6050.o
LOAD ./Core/Src/ssd1306.o
LOAD ./Core/Src/ssd1306_fonts.o
LOAD ./Core/Src/stm32f4xx_hal_msp.o
LOAD ./Core/Src/stm32f4xx_it.o
LOAD ./Core/Src/syscalls.o
LOAD ./Core/Src/sysmem.o
LOAD ./Core/Src/system_stm32f4xx.o
LOAD ./Core/Src/vl53l0x.o
LOAD ./Core/Startup/startup_stm32f405rgtx.o
LOAD ./Drivers/STM32F4xx_HAL_Driver/Src/stm32f4xx_hal.o
LOAD ./Drivers/STM32F4xx_HAL_Driver/Src/stm32f4xx_hal_cortex.o
LOAD ./Drivers/STM32F4xx_HAL_Driver/Src/stm32f4xx_hal_dma.o
LOAD ./Drivers/STM32F4xx_HAL_Driver/Src/stm32f4xx_hal_dma_ex.o
LOAD ./Drivers/STM32F4xx_HAL_Driver/Src/stm32f4xx_hal_exti.o
LOAD ./Drivers/STM32F4xx_HAL_Driver/Src/stm32f4xx_hal_flash.o
LOAD ./Drivers/STM32F4xx_HAL_Driver/Src/stm32f4xx_hal_flash_ex.o
LOAD ./Drivers/STM32F4xx_HAL_Driver/Src/stm32f4xx_hal_flash_ramfunc.o
LOAD ./Drivers/STM32F4xx_HAL_Driver/Src/stm32f4xx_hal_gpio.o
LOAD ./Drivers/STM32F4xx_HAL_Driver/Src/stm32f4xx_hal_i2c.o
LOAD ./Drivers/STM32F4xx_HAL_Driver/Src/stm32f4xx_hal_i2c_ex.o
LOAD ./Drivers/STM32F4xx_HAL_Driver/Src/stm32f4xx_hal_pwr.o
LOAD ./Drivers/STM32F4xx_HAL_Driver/Src/stm32f4xx_hal_pwr_ex.o
LOAD ./Drivers/STM32F4xx_HAL_Driver/Src/stm32f4xx_hal_rcc.o
LOAD ./Drivers/STM32F4xx_HAL_Driver/Src/stm32f4xx_hal_rcc_ex.o
LOAD ./Drivers/STM32F4xx_HAL_Driver/Src/stm32f4xx_hal_tim.o
LOAD ./Drivers/STM32F4xx_HAL_Driver/Src/stm32f4xx_hal_tim_ex.o
START GROUP
LOAD C:/ST/STM32CubeIDE_1.19.0/STM32CubeIDE/plugins/com.st.stm32cube.ide.mcu.externaltools.gnu-tools-for-stm32.13.3.rel1.win32_1.0.0.202411081344/tools/bin/../lib/gcc/arm-none-eabi/13.3.1/../../../../arm-none-eabi/lib/thumb/v7e-m+fp/hard\libc_nano.a
LOAD C:/ST/STM32CubeIDE_1.19.0/STM32CubeIDE/plugins/com.st.stm32cube.ide.mcu.externaltools.gnu-tools-for-stm32.13.3.rel1.win32_1.0.0.202411081344/tools/bin/../lib/gcc/arm-none-eabi/13.3.1/../../../../arm-none-eabi/lib/thumb/v7e-m+fp/hard\libm.a
END GROUP
START GROUP
LOAD C:/ST/STM32CubeIDE_1.19.0/STM32CubeIDE/plugins/com.st.stm32cube.ide.mcu.externaltools.gnu-tools-for-stm32.13.3.rel1.win32_1.0.0.202411081344/tools/bin/../lib/gcc/arm-none-eabi/13.3.1/thumb/v7e-m+fp/hard\libgcc.a
LOAD C:/ST/STM32CubeIDE_1.19.0/STM32CubeIDE/plugins/com.st.stm32cube.ide.mcu.externaltools.gnu-tools-for-stm32.13.3.rel1.win32_1.0.0.202411081344/tools/bin/../lib/gcc/arm-none-eabi/13.3.1/../../../../arm-none-eabi/lib/thumb/v7e-m+fp/hard\libc_nano.a
END GROUP
START GROUP
LOAD C:/ST/STM32CubeIDE_1.19.0/STM32CubeIDE/plugins/com.st.stm32cube.ide.mcu.externaltools.gnu-tools-for-stm32.13.3.rel1.win32_1.0.0.202411081344/tools/bin/../lib/gcc/arm-none-eabi/13.3.1/thumb/v7e-m+fp/hard\libgcc.a
LOAD C:/ST/STM32CubeIDE_1.19.0/STM32CubeIDE/plugins/com.st.stm32cube.ide.mcu.externaltools.gnu-tools-for-stm32.13.3.rel1.win32_1.0.0.202411081344/tools/bin/../lib/gcc/arm-none-eabi/13.3.1/../../../../arm-none-eabi/lib/thumb/v7e-m+fp/hard\libc_nano.a
LOAD C:/ST/STM32CubeIDE_1.19.0/STM32CubeIDE/plugins/com.st.stm32cube.ide.mcu.externaltools.gnu-tools-for-stm32.13.3.rel1.win32_1.0.0.202411081344/tools/bin/../lib/gcc/arm-none-eabi/13.3.1/../../../../arm-none-eabi/lib/thumb/v7e-m+fp/hard\libnosys.a
END GROUP
START GROUP
LOAD C:/ST/STM32CubeIDE_1.19.0/STM32CubeIDE/plugins/com.st.stm32cube.ide.mcu.externaltools.gnu-tools-for-stm32.13.3.rel1.win32_1.0.0.202411081344/tools/bin/../lib/gcc/arm-none-eabi/13.3.1/thumb/v7e-m+fp/hard\libgcc.a
LOAD C:/ST/STM32CubeIDE_1.19.0/STM32CubeIDE/plugins/com.st.stm32cube.ide.mcu.externaltools.gnu-tools-for-stm32.13.3.rel1.win32_1.0.0.202411081344/tools/bin/../lib/gcc/arm-none-eabi/13.3.1/../../../../arm-none-eabi/lib/thumb/v7e-m+fp/hard\libc_nano.a
LOAD C:/ST/STM32CubeIDE_1.19.0/STM32CubeIDE/plugins/com.st.stm32cube.ide.mcu.externaltools.gnu-tools-for-stm32.13.3.rel1.win32_1.0.0.202411081344/tools/bin/../lib/gcc/arm-none-eabi/13.3.1/../../../../arm-none-eabi/lib/thumb/v7e-m+fp/hard\libnosys.a
END GROUP
LOAD C:/ST/STM32CubeIDE_1.19.0/STM32CubeIDE/plugins/com.st.stm32cube.ide.mcu.externaltools.gnu-tools-for-stm32.13.3.rel1.win32_1.0.0.202411081344/tools/bin/../lib/gcc/arm-none-eabi/13.3.1/thumb/v7e-m+fp/hard/crtend.o
LOAD C:/ST/STM32CubeIDE_1.19.0/STM32CubeIDE/plugins/com.st.stm32cube.ide.mcu.externaltools.gnu-tools-for-stm32.13.3.rel1.win32_1.0.0.202411081344/tools/bin/../lib/gcc/arm-none-eabi/13.3.1/thumb/v7e-m+fp/hard/crtn.o
                0x20020000                        _estack = (ORIGIN (RAM) + LENGTH (RAM))
                0x00000200                        _Min_Heap_Size = 0x200
                0x00000400                        _Min_Stack_Size = 0x400

.isr_vector     0x08000000      0x188
                0x08000000                        . = ALIGN (0x4)
 *(.isr_vector)
 .isr_vector    0x08000000      0x188 ./Core/Startup/startup_stm32f405rgtx.o
                0x08000000                g_pfnVectors
                0x08000188                        . = ALIGN (0x4)

.text           0x08000190     0xb46c
                0x08000190                        . = ALIGN (0x4)
 *(.text)
 .text          0x08000190       0x40 C:/ST/STM32CubeIDE_1.19.0/STM32CubeIDE/plugins/com.st.stm32cube.ide.mcu.externaltools.gnu-tools-for-stm32.13.3.rel1.win32_1.0.0.202411081344/tools/bin/../lib/gcc/arm-none-eabi/13.3.1/thumb/v7e-m+fp/hard/crtbegin.o
 .text          0x080001d0       0xa0 C:/ST/STM32CubeIDE_1.19.0/STM32CubeIDE/plugins/com.st.stm32cube.ide.mcu.externaltools.gnu-tools-for-stm32.13.3.rel1.win32_1.0.0.202411081344/tools/bin/../lib/gcc/arm-none-eabi/13.3.1/../../../../arm-none-eabi/lib/thumb/v7e-m+fp/hard\libc_nano.a(libc_a-memchr.o)
                0x080001d0                memchr
 .text          0x08000270       0x10 C:/ST/STM32CubeIDE_1.19.0/STM32CubeIDE/plugins/com.st.stm32cube.ide.mcu.externaltools.gnu-tools-for-stm32.13.3.rel1.win32_1.0.0.202411081344/tools/bin/../lib/gcc/arm-none-eabi/13.3.1/../../../../arm-none-eabi/lib/thumb/v7e-m+fp/hard\libc_nano.a(libc_a-strlen.o)
                0x08000270                strlen
 .text          0x08000280      0x378 C:/ST/STM32CubeIDE_1.19.0/STM32CubeIDE/plugins/com.st.stm32cube.ide.mcu.externaltools.gnu-tools-for-stm32.13.3.rel1.win32_1.0.0.202411081344/tools/bin/../lib/gcc/arm-none-eabi/13.3.1/thumb/v7e-m+fp/hard\libgcc.a(_arm_addsubdf3.o)
                0x08000280                __aeabi_drsub
                0x08000288                __aeabi_dsub
                0x08000288                __subdf3
                0x0800028c                __aeabi_dadd
                0x0800028c                __adddf3
                0x08000504                __floatunsidf
                0x08000504                __aeabi_ui2d
                0x08000524                __floatsidf
                0x08000524                __aeabi_i2d
                0x08000548                __aeabi_f2d
                0x08000548                __extendsfdf2
                0x0800058c                __floatundidf
                0x0800058c                __aeabi_ul2d
                0x0800059c                __floatdidf
                0x0800059c                __aeabi_l2d
 .text          0x080005f8      0x424 C:/ST/STM32CubeIDE_1.19.0/STM32CubeIDE/plugins/com.st.stm32cube.ide.mcu.externaltools.gnu-tools-for-stm32.13.3.rel1.win32_1.0.0.202411081344/tools/bin/../lib/gcc/arm-none-eabi/13.3.1/thumb/v7e-m+fp/hard\libgcc.a(_arm_muldivdf3.o)
                0x080005f8                __aeabi_dmul
                0x080005f8                __muldf3
                0x0800084c                __divdf3
                0x0800084c                __aeabi_ddiv
 .text          0x08000a1c      0x110 C:/ST/STM32CubeIDE_1.19.0/STM32CubeIDE/plugins/com.st.stm32cube.ide.mcu.externaltools.gnu-tools-for-stm32.13.3.rel1.win32_1.0.0.202411081344/tools/bin/../lib/gcc/arm-none-eabi/13.3.1/thumb/v7e-m+fp/hard\libgcc.a(_arm_cmpdf2.o)
                0x08000a1c                __gtdf2
                0x08000a1c                __gedf2
                0x08000a24                __ltdf2
                0x08000a24                __ledf2
                0x08000a2c                __nedf2
                0x08000a2c                __eqdf2
                0x08000a2c                __cmpdf2
                0x08000aa8                __aeabi_cdrcmple
                0x08000ab8                __aeabi_cdcmpeq
                0x08000ab8                __aeabi_cdcmple
                0x08000ac8                __aeabi_dcmpeq
                0x08000adc                __aeabi_dcmplt
                0x08000af0                __aeabi_dcmple
                0x08000b04                __aeabi_dcmpge
                0x08000b18                __aeabi_dcmpgt
 .text          0x08000b2c       0x2c C:/ST/STM32CubeIDE_1.19.0/STM32CubeIDE/plugins/com.st.stm32cube.ide.mcu.externaltools.gnu-tools-for-stm32.13.3.rel1.win32_1.0.0.202411081344/tools/bin/../lib/gcc/arm-none-eabi/13.3.1/thumb/v7e-m+fp/hard\libgcc.a(_arm_unorddf2.o)
                0x08000b2c                __unorddf2
                0x08000b2c                __aeabi_dcmpun
 .text          0x08000b58       0x50 C:/ST/STM32CubeIDE_1.19.0/STM32CubeIDE/plugins/com.st.stm32cube.ide.mcu.externaltools.gnu-tools-for-stm32.13.3.rel1.win32_1.0.0.202411081344/tools/bin/../lib/gcc/arm-none-eabi/13.3.1/thumb/v7e-m+fp/hard\libgcc.a(_arm_fixdfsi.o)
                0x08000b58                __aeabi_d2iz
                0x08000b58                __fixdfsi
 .text          0x08000ba8       0xa0 C:/ST/STM32CubeIDE_1.19.0/STM32CubeIDE/plugins/com.st.stm32cube.ide.mcu.externaltools.gnu-tools-for-stm32.13.3.rel1.win32_1.0.0.202411081344/tools/bin/../lib/gcc/arm-none-eabi/13.3.1/thumb/v7e-m+fp/hard\libgcc.a(_arm_truncdfsf2.o)
                0x08000ba8                __truncdfsf2
                0x08000ba8                __aeabi_d2f
 .text          0x08000c48       0x30 C:/ST/STM32CubeIDE_1.19.0/STM32CubeIDE/plugins/com.st.stm32cube.ide.mcu.externaltools.gnu-tools-for-stm32.13.3.rel1.win32_1.0.0.202411081344/tools/bin/../lib/gcc/arm-none-eabi/13.3.1/thumb/v7e-m+fp/hard\libgcc.a(_aeabi_uldivmod.o)
                0x08000c48                __aeabi_uldivmod
 .text          0x08000c78      0x2f8 C:/ST/STM32CubeIDE_1.19.0/STM32CubeIDE/plugins/com.st.stm32cube.ide.mcu.externaltools.gnu-tools-for-stm32.13.3.rel1.win32_1.0.0.202411081344/tools/bin/../lib/gcc/arm-none-eabi/13.3.1/thumb/v7e-m+fp/hard\libgcc.a(_udivmoddi4.o)
                0x08000c78                __udivmoddi4
 .text          0x08000f70        0x4 C:/ST/STM32CubeIDE_1.19.0/STM32CubeIDE/plugins/com.st.stm32cube.ide.mcu.externaltools.gnu-tools-for-stm32.13.3.rel1.win32_1.0.0.202411081344/tools/bin/../lib/gcc/arm-none-eabi/13.3.1/thumb/v7e-m+fp/hard\libgcc.a(_dvmd_tls.o)
                0x08000f70                __aeabi_idiv0
                0x08000f70                __aeabi_ldiv0
 *(.text*)
 .text.lockInterruptDisable_TIM3
                0x08000f74        0xe ./Core/Src/drv8833.o
                0x08000f74                lockInterruptDisable_TIM3
 .text.lockInterruptEnable_TIM3
                0x08000f82        0xe ./Core/Src/drv8833.o
                0x08000f82                lockInterruptEnable_TIM3
 .text.lockInterruptDisable_TIM4
                0x08000f90        0xe ./Core/Src/drv8833.o
                0x08000f90                lockInterruptDisable_TIM4
 .text.lockInterruptEnable_TIM4
                0x08000f9e        0xe ./Core/Src/drv8833.o
                0x08000f9e                lockInterruptEnable_TIM4
 .text.resetGyroAngle
                0x08000fac       0x1c ./Core/Src/drv8833.o
                0x08000fac                resetGyroAngle
 .text.updateGyroAngle
                0x08000fc8       0x3c ./Core/Src/drv8833.o
                0x08000fc8                updateGyroAngle
 .text.RightMotor_SetSpeed
                0x08001004       0x64 ./Core/Src/drv8833.o
                0x08001004                RightMotor_SetSpeed
 .text.LeftMotor_SetSpeed
                0x08001068       0x64 ./Core/Src/drv8833.o
                0x08001068                LeftMotor_SetSpeed
 .text.Motor_Stop
                0x080010cc       0x38 ./Core/Src/drv8833.o
                0x080010cc                Motor_Stop
 .text.rightTurn
                0x08001104       0x80 ./Core/Src/drv8833.o
                0x08001104                rightTurn
 .text.leftTurn
                0x08001184       0x80 ./Core/Src/drv8833.o
                0x08001184                leftTurn
 .text.resetLeftEncoder
                0x08001204       0x28 ./Core/Src/encoder_motor.o
                0x08001204                resetLeftEncoder
 .text.resetRightEncoder
                0x0800122c       0x28 ./Core/Src/encoder_motor.o
                0x0800122c                resetRightEncoder
 .text.setLeftEncoderValue
                0x08001254       0x20 ./Core/Src/encoder_motor.o
                0x08001254                setLeftEncoderValue
 .text.getLeftEncoderValue
                0x08001274       0x18 ./Core/Src/encoder_motor.o
                0x08001274                getLeftEncoderValue
 .text.setRightEncoderValue
                0x0800128c       0x20 ./Core/Src/encoder_motor.o
                0x0800128c                setRightEncoderValue
 .text.getRightEncoderValue
                0x080012ac       0x18 ./Core/Src/encoder_motor.o
                0x080012ac                getRightEncoderValue
 *fill*         0x080012c4        0x4 
 .text.Update_Encoder_Speeds
                0x080012c8       0xfc ./Core/Src/encoder_motor.o
                0x080012c8                Update_Encoder_Speeds
 .text.main     0x080013c4      0x1ec ./Core/Src/main.o
                0x080013c4                main
 .text.SystemClock_Config
                0x080015b0       0xd4 ./Core/Src/main.o
                0x080015b0                SystemClock_Config
 .text.MX_I2C1_Init
                0x08001684       0x5c ./Core/Src/main.o
 .text.MX_I2C2_Init
                0x080016e0       0x5c ./Core/Src/main.o
 .text.MX_I2C3_Init
                0x0800173c       0x5c ./Core/Src/main.o
 .text.MX_TIM1_Init
                0x08001798      0x158 ./Core/Src/main.o
 .text.MX_TIM2_Init
                0x080018f0      0x100 ./Core/Src/main.o
 .text.MX_TIM3_Init
                0x080019f0       0xa8 ./Core/Src/main.o
 .text.MX_TIM4_Init
                0x08001a98       0xa8 ./Core/Src/main.o
 .text.MX_GPIO_Init
                0x08001b40       0x6c ./Core/Src/main.o
 .text.Error_Handler
                0x08001bac        0xc ./Core/Src/main.o
                0x08001bac                Error_Handler
 .text.explore  0x08001bb8      0x168 ./Core/Src/map_track_alg.o
                0x08001bb8                explore
 .text.forward  0x08001d20      0x270 ./Core/Src/map_track_alg.o
                0x08001d20                forward
 .text.turnRight
                0x08001f90       0x62 ./Core/Src/map_track_alg.o
                0x08001f90                turnRight
 .text.turnLeft
                0x08001ff2       0x62 ./Core/Src/map_track_alg.o
                0x08001ff2                turnLeft
 .text.rotateTo
                0x08002054      0x140 ./Core/Src/map_track_alg.o
                0x08002054                rotateTo
 .text.isValid  0x08002194       0x3a ./Core/Src/map_track_alg.o
                0x08002194                isValid
 .text.setWall  0x080021ce       0x68 ./Core/Src/map_track_alg.o
                0x080021ce                setWall
 *fill*         0x08002236        0x2 
 .text.readSensor
                0x08002238      0x140 ./Core/Src/map_track_alg.o
                0x08002238                readSensor
 .text.findPath
                0x08002378      0x438 ./Core/Src/map_track_alg.o
                0x08002378                findPath
 .text.goTo     0x080027b0      0x2d2 ./Core/Src/map_track_alg.o
                0x080027b0                goTo
 *fill*         0x08002a82        0x2 
 .text.findNearestUnknown
                0x08002a84      0x2a0 ./Core/Src/map_track_alg.o
                0x08002a84                findNearestUnknown
 .text.returnToStart
                0x08002d24       0x1e ./Core/Src/map_track_alg.o
                0x08002d24                returnToStart
 *fill*         0x08002d42        0x2 
 .text.findOptimalPath
                0x08002d44      0x57c ./Core/Src/map_track_alg.o
                0x08002d44                findOptimalPath
 .text.goToOptimal
                0x080032c0      0x2e6 ./Core/Src/map_track_alg.o
                0x080032c0                goToOptimal
 *fill*         0x080035a6        0x2 
 .text.MPU6050_Init
                0x080035a8       0xd8 ./Core/Src/mpu6050.o
                0x080035a8                MPU6050_Init
 .text.MPU6050_Read_Data
                0x08003680      0x36c ./Core/Src/mpu6050.o
                0x08003680                MPU6050_Read_Data
 .text.ssd1306_Reset
                0x080039ec        0xe ./Core/Src/ssd1306.o
                0x080039ec                ssd1306_Reset
 *fill*         0x080039fa        0x2 
 .text.ssd1306_WriteCommand
                0x080039fc       0x30 ./Core/Src/ssd1306.o
                0x080039fc                ssd1306_WriteCommand
 .text.ssd1306_WriteData
                0x08003a2c       0x34 ./Core/Src/ssd1306.o
                0x08003a2c                ssd1306_WriteData
 .text.ssd1306_Init
                0x08003a60       0xd4 ./Core/Src/ssd1306.o
                0x08003a60                ssd1306_Init
 .text.ssd1306_Fill
                0x08003b34       0x30 ./Core/Src/ssd1306.o
                0x08003b34                ssd1306_Fill
 .text.ssd1306_UpdateScreen
                0x08003b64       0x50 ./Core/Src/ssd1306.o
                0x08003b64                ssd1306_UpdateScreen
 .text.ssd1306_DrawPixel
                0x08003bb4       0xa8 ./Core/Src/ssd1306.o
                0x08003bb4                ssd1306_DrawPixel
 .text.ssd1306_WriteChar
                0x08003c5c      0x124 ./Core/Src/ssd1306.o
                0x08003c5c                ssd1306_WriteChar
 .text.ssd1306_WriteString
                0x08003d80       0x4c ./Core/Src/ssd1306.o
                0x08003d80                ssd1306_WriteString
 .text.ssd1306_SetCursor
                0x08003dcc       0x30 ./Core/Src/ssd1306.o
                0x08003dcc                ssd1306_SetCursor
 .text.ssd1306_SetContrast
                0x08003dfc       0x26 ./Core/Src/ssd1306.o
                0x08003dfc                ssd1306_SetContrast
 *fill*         0x08003e22        0x2 
 .text.ssd1306_SetDisplayOn
                0x08003e24       0x3c ./Core/Src/ssd1306.o
                0x08003e24                ssd1306_SetDisplayOn
 .text.HAL_MspInit
                0x08003e60       0x50 ./Core/Src/stm32f4xx_hal_msp.o
                0x08003e60                HAL_MspInit
 .text.HAL_I2C_MspInit
                0x08003eb0      0x1ac ./Core/Src/stm32f4xx_hal_msp.o
                0x08003eb0                HAL_I2C_MspInit
 .text.HAL_TIM_Base_MspInit
                0x0800405c       0x6c ./Core/Src/stm32f4xx_hal_msp.o
                0x0800405c                HAL_TIM_Base_MspInit
 .text.HAL_TIM_Encoder_MspInit
                0x080040c8       0xf8 ./Core/Src/stm32f4xx_hal_msp.o
                0x080040c8                HAL_TIM_Encoder_MspInit
 .text.HAL_TIM_MspPostInit
                0x080041c0       0xbc ./Core/Src/stm32f4xx_hal_msp.o
                0x080041c0                HAL_TIM_MspPostInit
 .text.NMI_Handler
                0x0800427c        0x8 ./Core/Src/stm32f4xx_it.o
                0x0800427c                NMI_Handler
 .text.HardFault_Handler
                0x08004284        0x8 ./Core/Src/stm32f4xx_it.o
                0x08004284                HardFault_Handler
 .text.MemManage_Handler
                0x0800428c        0x8 ./Core/Src/stm32f4xx_it.o
                0x0800428c                MemManage_Handler
 .text.BusFault_Handler
                0x08004294        0x8 ./Core/Src/stm32f4xx_it.o
                0x08004294                BusFault_Handler
 .text.UsageFault_Handler
                0x0800429c        0x8 ./Core/Src/stm32f4xx_it.o
                0x0800429c                UsageFault_Handler
 .text.SVC_Handler
                0x080042a4        0xe ./Core/Src/stm32f4xx_it.o
                0x080042a4                SVC_Handler
 .text.DebugMon_Handler
                0x080042b2        0xe ./Core/Src/stm32f4xx_it.o
                0x080042b2                DebugMon_Handler
 .text.PendSV_Handler
                0x080042c0        0xe ./Core/Src/stm32f4xx_it.o
                0x080042c0                PendSV_Handler
 .text.SysTick_Handler
                0x080042ce        0xc ./Core/Src/stm32f4xx_it.o
                0x080042ce                SysTick_Handler
 .text._getpid  0x080042da       0x10 ./Core/Src/syscalls.o
                0x080042da                _getpid
 .text._kill    0x080042ea       0x20 ./Core/Src/syscalls.o
                0x080042ea                _kill
 .text._exit    0x0800430a       0x16 ./Core/Src/syscalls.o
                0x0800430a                _exit
 .text._read    0x08004320       0x3a ./Core/Src/syscalls.o
                0x08004320                _read
 .text._write   0x0800435a       0x38 ./Core/Src/syscalls.o
                0x0800435a                _write
 .text._close   0x08004392       0x18 ./Core/Src/syscalls.o
                0x08004392                _close
 .text._fstat   0x080043aa       0x20 ./Core/Src/syscalls.o
                0x080043aa                _fstat
 .text._isatty  0x080043ca       0x16 ./Core/Src/syscalls.o
                0x080043ca                _isatty
 .text._lseek   0x080043e0       0x1a ./Core/Src/syscalls.o
                0x080043e0                _lseek
 *fill*         0x080043fa        0x2 
 .text._sbrk    0x080043fc       0x6c ./Core/Src/sysmem.o
                0x080043fc                _sbrk
 .text.SystemInit
                0x08004468       0x24 ./Core/Src/system_stm32f4xx.o
                0x08004468                SystemInit
 .text.writeReg
                0x0800448c       0x54 ./Core/Src/vl53l0x.o
                0x0800448c                writeReg
 .text.writeReg16Bit
                0x080044e0       0x54 ./Core/Src/vl53l0x.o
                0x080044e0                writeReg16Bit
 .text.writeRegWithHandle
                0x08004534       0x44 ./Core/Src/vl53l0x.o
 .text.readReg  0x08004578       0x58 ./Core/Src/vl53l0x.o
                0x08004578                readReg
 .text.readReg16Bit
                0x080045d0       0x58 ./Core/Src/vl53l0x.o
                0x080045d0                readReg16Bit
 .text.readRegWithHandle
                0x08004628       0x3e ./Core/Src/vl53l0x.o
                0x08004628                readRegWithHandle
 *fill*         0x08004666        0x2 
 .text.writeMulti
                0x08004668       0x5c ./Core/Src/vl53l0x.o
                0x08004668                writeMulti
 .text.readMulti
                0x080046c4       0x54 ./Core/Src/vl53l0x.o
                0x080046c4                readMulti
 .text.initVL53L0X
                0x08004718      0x4bc ./Core/Src/vl53l0x.o
                0x08004718                initVL53L0X
 *fill*         0x08004bd4        0x4 
 .text.setSignalRateLimit
                0x08004bd8       0x6c ./Core/Src/vl53l0x.o
                0x08004bd8                setSignalRateLimit
 .text.setMeasurementTimingBudget
                0x08004c44      0x130 ./Core/Src/vl53l0x.o
                0x08004c44                setMeasurementTimingBudget
 .text.getMeasurementTimingBudget
                0x08004d74       0xc4 ./Core/Src/vl53l0x.o
                0x08004d74                getMeasurementTimingBudget
 .text.setVcselPulsePeriod
                0x08004e38      0x29c ./Core/Src/vl53l0x.o
                0x08004e38                setVcselPulsePeriod
 .text.getVcselPulsePeriod
                0x080050d4       0x44 ./Core/Src/vl53l0x.o
                0x080050d4                getVcselPulsePeriod
 .text.readRangeContinuousMillimeters
                0x08005118       0xf4 ./Core/Src/vl53l0x.o
                0x08005118                readRangeContinuousMillimeters
 .text.readRangeSingleMillimeters
                0x0800520c       0xe0 ./Core/Src/vl53l0x.o
                0x0800520c                readRangeSingleMillimeters
 .text.getSpadInfo
                0x080052ec      0x128 ./Core/Src/vl53l0x.o
                0x080052ec                getSpadInfo
 .text.getSequenceStepEnables
                0x08005414       0x64 ./Core/Src/vl53l0x.o
                0x08005414                getSequenceStepEnables
 .text.getSequenceStepTimeouts
                0x08005478       0xca ./Core/Src/vl53l0x.o
                0x08005478                getSequenceStepTimeouts
 .text.decodeTimeout
                0x08005542       0x28 ./Core/Src/vl53l0x.o
 .text.encodeTimeout
                0x0800556a       0x54 ./Core/Src/vl53l0x.o
 *fill*         0x080055be        0x2 
 .text.timeoutMclksToMicroseconds
                0x080055c0       0x50 ./Core/Src/vl53l0x.o
 .text.timeoutMicrosecondsToMclks
                0x08005610       0x4c ./Core/Src/vl53l0x.o
 .text.performSingleRefCalibration
                0x0800565c       0x80 ./Core/Src/vl53l0x.o
                0x0800565c                performSingleRefCalibration
 .text.Reset_Handler
                0x080056dc       0x50 ./Core/Startup/startup_stm32f405rgtx.o
                0x080056dc                Reset_Handler
 .text.Default_Handler
                0x0800572c        0x2 ./Core/Startup/startup_stm32f405rgtx.o
                0x0800572c                RTC_Alarm_IRQHandler
                0x0800572c                HASH_RNG_IRQHandler
                0x0800572c                EXTI2_IRQHandler
                0x0800572c                TIM8_CC_IRQHandler
                0x0800572c                TIM1_CC_IRQHandler
                0x0800572c                DMA2_Stream5_IRQHandler
                0x0800572c                DMA1_Stream5_IRQHandler
                0x0800572c                PVD_IRQHandler
                0x0800572c                SDIO_IRQHandler
                0x0800572c                TAMP_STAMP_IRQHandler
                0x0800572c                CAN2_RX1_IRQHandler
                0x0800572c                EXTI3_IRQHandler
                0x0800572c                TIM8_TRG_COM_TIM14_IRQHandler
                0x0800572c                TIM1_UP_TIM10_IRQHandler
                0x0800572c                TIM8_UP_TIM13_IRQHandler
                0x0800572c                I2C3_ER_IRQHandler
                0x0800572c                EXTI0_IRQHandler
                0x0800572c                I2C2_EV_IRQHandler
                0x0800572c                DMA1_Stream2_IRQHandler
                0x0800572c                CAN1_RX0_IRQHandler
                0x0800572c                FPU_IRQHandler
                0x0800572c                OTG_HS_WKUP_IRQHandler
                0x0800572c                CAN2_SCE_IRQHandler
                0x0800572c                DMA2_Stream2_IRQHandler
                0x0800572c                SPI1_IRQHandler
                0x0800572c                TIM6_DAC_IRQHandler
                0x0800572c                TIM1_BRK_TIM9_IRQHandler
                0x0800572c                CAN2_RX0_IRQHandler
                0x0800572c                DMA2_Stream3_IRQHandler
                0x0800572c                USART6_IRQHandler
                0x0800572c                USART3_IRQHandler
                0x0800572c                CAN1_RX1_IRQHandler
                0x0800572c                UART5_IRQHandler
                0x0800572c                DMA2_Stream0_IRQHandler
                0x0800572c                TIM4_IRQHandler
                0x0800572c                I2C1_EV_IRQHandler
                0x0800572c                DMA1_Stream6_IRQHandler
                0x0800572c                DMA1_Stream1_IRQHandler
                0x0800572c                UART4_IRQHandler
                0x0800572c                TIM3_IRQHandler
                0x0800572c                RCC_IRQHandler
                0x0800572c                TIM8_BRK_TIM12_IRQHandler
                0x0800572c                Default_Handler
                0x0800572c                EXTI15_10_IRQHandler
                0x0800572c                ADC_IRQHandler
                0x0800572c                DMA1_Stream7_IRQHandler
                0x0800572c                TIM7_IRQHandler
                0x0800572c                CAN2_TX_IRQHandler
                0x0800572c                TIM5_IRQHandler
                0x0800572c                DMA2_Stream7_IRQHandler
                0x0800572c                I2C3_EV_IRQHandler
                0x0800572c                EXTI9_5_IRQHandler
                0x0800572c                RTC_WKUP_IRQHandler
                0x0800572c                SPI2_IRQHandler
                0x0800572c                OTG_HS_EP1_IN_IRQHandler
                0x0800572c                DMA1_Stream0_IRQHandler
                0x0800572c                CAN1_TX_IRQHandler
                0x0800572c                EXTI4_IRQHandler
                0x0800572c                FSMC_IRQHandler
                0x0800572c                OTG_HS_EP1_OUT_IRQHandler
                0x0800572c                WWDG_IRQHandler
                0x0800572c                TIM2_IRQHandler
                0x0800572c                OTG_FS_WKUP_IRQHandler
                0x0800572c                TIM1_TRG_COM_TIM11_IRQHandler
                0x0800572c                OTG_HS_IRQHandler
                0x0800572c                EXTI1_IRQHandler
                0x0800572c                USART2_IRQHandler
                0x0800572c                I2C2_ER_IRQHandler
                0x0800572c                DMA2_Stream1_IRQHandler
                0x0800572c                CAN1_SCE_IRQHandler
                0x0800572c                FLASH_IRQHandler
                0x0800572c                DMA2_Stream4_IRQHandler
                0x0800572c                USART1_IRQHandler
                0x0800572c                OTG_FS_IRQHandler
                0x0800572c                SPI3_IRQHandler
                0x0800572c                DMA1_Stream4_IRQHandler
                0x0800572c                I2C1_ER_IRQHandler
                0x0800572c                DMA2_Stream6_IRQHandler
                0x0800572c                DMA1_Stream3_IRQHandler
 *fill*         0x0800572e        0x2 
 .text.HAL_Init
                0x08005730       0x44 ./Drivers/STM32F4xx_HAL_Driver/Src/stm32f4xx_hal.o
                0x08005730                HAL_Init
 .text.HAL_InitTick
                0x08005774       0x60 ./Drivers/STM32F4xx_HAL_Driver/Src/stm32f4xx_hal.o
                0x08005774                HAL_InitTick
 .text.HAL_IncTick
                0x080057d4       0x28 ./Drivers/STM32F4xx_HAL_Driver/Src/stm32f4xx_hal.o
                0x080057d4                HAL_IncTick
 .text.HAL_GetTick
                0x080057fc       0x18 ./Drivers/STM32F4xx_HAL_Driver/Src/stm32f4xx_hal.o
                0x080057fc                HAL_GetTick
 .text.HAL_Delay
                0x08005814       0x48 ./Drivers/STM32F4xx_HAL_Driver/Src/stm32f4xx_hal.o
                0x08005814                HAL_Delay
 .text.__NVIC_SetPriorityGrouping
                0x0800585c       0x48 ./Drivers/STM32F4xx_HAL_Driver/Src/stm32f4xx_hal_cortex.o
 .text.__NVIC_GetPriorityGrouping
                0x080058a4       0x1c ./Drivers/STM32F4xx_HAL_Driver/Src/stm32f4xx_hal_cortex.o
 .text.__NVIC_EnableIRQ
                0x080058c0       0x3c ./Drivers/STM32F4xx_HAL_Driver/Src/stm32f4xx_hal_cortex.o
 .text.__NVIC_DisableIRQ
                0x080058fc       0x48 ./Drivers/STM32F4xx_HAL_Driver/Src/stm32f4xx_hal_cortex.o
 .text.__NVIC_SetPriority
                0x08005944       0x54 ./Drivers/STM32F4xx_HAL_Driver/Src/stm32f4xx_hal_cortex.o
 .text.NVIC_EncodePriority
                0x08005998       0x66 ./Drivers/STM32F4xx_HAL_Driver/Src/stm32f4xx_hal_cortex.o
 *fill*         0x080059fe        0x2 
 .text.SysTick_Config
                0x08005a00       0x44 ./Drivers/STM32F4xx_HAL_Driver/Src/stm32f4xx_hal_cortex.o
 .text.HAL_NVIC_SetPriorityGrouping
                0x08005a44       0x16 ./Drivers/STM32F4xx_HAL_Driver/Src/stm32f4xx_hal_cortex.o
                0x08005a44                HAL_NVIC_SetPriorityGrouping
 .text.HAL_NVIC_SetPriority
                0x08005a5a       0x38 ./Drivers/STM32F4xx_HAL_Driver/Src/stm32f4xx_hal_cortex.o
                0x08005a5a                HAL_NVIC_SetPriority
 .text.HAL_NVIC_EnableIRQ
                0x08005a92       0x1c ./Drivers/STM32F4xx_HAL_Driver/Src/stm32f4xx_hal_cortex.o
                0x08005a92                HAL_NVIC_EnableIRQ
 .text.HAL_NVIC_DisableIRQ
                0x08005aae       0x1c ./Drivers/STM32F4xx_HAL_Driver/Src/stm32f4xx_hal_cortex.o
                0x08005aae                HAL_NVIC_DisableIRQ
 .text.HAL_SYSTICK_Config
                0x08005aca       0x18 ./Drivers/STM32F4xx_HAL_Driver/Src/stm32f4xx_hal_cortex.o
                0x08005aca                HAL_SYSTICK_Config
 *fill*         0x08005ae2        0x2 
 .text.HAL_GPIO_Init
                0x08005ae4      0x338 ./Drivers/STM32F4xx_HAL_Driver/Src/stm32f4xx_hal_gpio.o
                0x08005ae4                HAL_GPIO_Init
 .text.HAL_GPIO_ReadPin
                0x08005e1c       0x30 ./Drivers/STM32F4xx_HAL_Driver/Src/stm32f4xx_hal_gpio.o
                0x08005e1c                HAL_GPIO_ReadPin
 .text.HAL_I2C_Init
                0x08005e4c      0x288 ./Drivers/STM32F4xx_HAL_Driver/Src/stm32f4xx_hal_i2c.o
                0x08005e4c                HAL_I2C_Init
 .text.HAL_I2C_Mem_Write
                0x080060d4      0x1f4 ./Drivers/STM32F4xx_HAL_Driver/Src/stm32f4xx_hal_i2c.o
                0x080060d4                HAL_I2C_Mem_Write
 .text.HAL_I2C_Mem_Read
                0x080062c8      0x464 ./Drivers/STM32F4xx_HAL_Driver/Src/stm32f4xx_hal_i2c.o
                0x080062c8                HAL_I2C_Mem_Read
 .text.I2C_RequestMemoryWrite
                0x0800672c      0x12c ./Drivers/STM32F4xx_HAL_Driver/Src/stm32f4xx_hal_i2c.o
 .text.I2C_RequestMemoryRead
                0x08006858      0x1d0 ./Drivers/STM32F4xx_HAL_Driver/Src/stm32f4xx_hal_i2c.o
 .text.I2C_WaitOnFlagUntilTimeout
                0x08006a28       0xf4 ./Drivers/STM32F4xx_HAL_Driver/Src/stm32f4xx_hal_i2c.o
 .text.I2C_WaitOnMasterAddressFlagUntilTimeout
                0x08006b1c      0x140 ./Drivers/STM32F4xx_HAL_Driver/Src/stm32f4xx_hal_i2c.o
 .text.I2C_WaitOnTXEFlagUntilTimeout
                0x08006c5c       0x90 ./Drivers/STM32F4xx_HAL_Driver/Src/stm32f4xx_hal_i2c.o
 .text.I2C_WaitOnBTFFlagUntilTimeout
                0x08006cec       0x90 ./Drivers/STM32F4xx_HAL_Driver/Src/stm32f4xx_hal_i2c.o
 .text.I2C_WaitOnRXNEFlagUntilTimeout
                0x08006d7c       0xba ./Drivers/STM32F4xx_HAL_Driver/Src/stm32f4xx_hal_i2c.o
 .text.I2C_IsAcknowledgeFailed
                0x08006e36       0x5e ./Drivers/STM32F4xx_HAL_Driver/Src/stm32f4xx_hal_i2c.o
 .text.HAL_RCC_OscConfig
                0x08006e94      0x4f0 ./Drivers/STM32F4xx_HAL_Driver/Src/stm32f4xx_hal_rcc.o
                0x08006e94                HAL_RCC_OscConfig
 .text.HAL_RCC_ClockConfig
                0x08007384      0x1cc ./Drivers/STM32F4xx_HAL_Driver/Src/stm32f4xx_hal_rcc.o
                0x08007384                HAL_RCC_ClockConfig
 .text.HAL_RCC_GetSysClockFreq
                0x08007550      0x18c ./Drivers/STM32F4xx_HAL_Driver/Src/stm32f4xx_hal_rcc.o
                0x08007550                HAL_RCC_GetSysClockFreq
 .text.HAL_RCC_GetHCLKFreq
                0x080076dc       0x18 ./Drivers/STM32F4xx_HAL_Driver/Src/stm32f4xx_hal_rcc.o
                0x080076dc                HAL_RCC_GetHCLKFreq
 .text.HAL_RCC_GetPCLK1Freq
                0x080076f4       0x28 ./Drivers/STM32F4xx_HAL_Driver/Src/stm32f4xx_hal_rcc.o
                0x080076f4                HAL_RCC_GetPCLK1Freq
 .text.HAL_TIM_Base_Init
                0x0800771c       0x9e ./Drivers/STM32F4xx_HAL_Driver/Src/stm32f4xx_hal_tim.o
                0x0800771c                HAL_TIM_Base_Init
 .text.HAL_TIM_PWM_Init
                0x080077ba       0x9e ./Drivers/STM32F4xx_HAL_Driver/Src/stm32f4xx_hal_tim.o
                0x080077ba                HAL_TIM_PWM_Init
 .text.HAL_TIM_PWM_MspInit
                0x08007858       0x14 ./Drivers/STM32F4xx_HAL_Driver/Src/stm32f4xx_hal_tim.o
                0x08007858                HAL_TIM_PWM_MspInit
 .text.HAL_TIM_Encoder_Init
                0x0800786c      0x14c ./Drivers/STM32F4xx_HAL_Driver/Src/stm32f4xx_hal_tim.o
                0x0800786c                HAL_TIM_Encoder_Init
 .text.HAL_TIM_Encoder_Start
                0x080079b8      0x11c ./Drivers/STM32F4xx_HAL_Driver/Src/stm32f4xx_hal_tim.o
                0x080079b8                HAL_TIM_Encoder_Start
 .text.HAL_TIM_Encoder_Stop
                0x08007ad4      0x12e ./Drivers/STM32F4xx_HAL_Driver/Src/stm32f4xx_hal_tim.o
                0x08007ad4                HAL_TIM_Encoder_Stop
 *fill*         0x08007c02        0x2 
 .text.HAL_TIM_PWM_ConfigChannel
                0x08007c04      0x184 ./Drivers/STM32F4xx_HAL_Driver/Src/stm32f4xx_hal_tim.o
                0x08007c04                HAL_TIM_PWM_ConfigChannel
 .text.HAL_TIM_ConfigClockSource
                0x08007d88      0x18e ./Drivers/STM32F4xx_HAL_Driver/Src/stm32f4xx_hal_tim.o
                0x08007d88                HAL_TIM_ConfigClockSource
 *fill*         0x08007f16        0x2 
 .text.TIM_Base_SetConfig
                0x08007f18      0x14c ./Drivers/STM32F4xx_HAL_Driver/Src/stm32f4xx_hal_tim.o
                0x08007f18                TIM_Base_SetConfig
 .text.TIM_OC1_SetConfig
                0x08008064       0xe0 ./Drivers/STM32F4xx_HAL_Driver/Src/stm32f4xx_hal_tim.o
 .text.TIM_OC2_SetConfig
                0x08008144       0xec ./Drivers/STM32F4xx_HAL_Driver/Src/stm32f4xx_hal_tim.o
                0x08008144                TIM_OC2_SetConfig
 .text.TIM_OC3_SetConfig
                0x08008230       0xe8 ./Drivers/STM32F4xx_HAL_Driver/Src/stm32f4xx_hal_tim.o
 .text.TIM_OC4_SetConfig
                0x08008318       0xac ./Drivers/STM32F4xx_HAL_Driver/Src/stm32f4xx_hal_tim.o
 .text.TIM_TI1_ConfigInputStage
                0x080083c4       0x5e ./Drivers/STM32F4xx_HAL_Driver/Src/stm32f4xx_hal_tim.o
 .text.TIM_TI2_ConfigInputStage
                0x08008422       0x60 ./Drivers/STM32F4xx_HAL_Driver/Src/stm32f4xx_hal_tim.o
 .text.TIM_ITRx_SetConfig
                0x08008482       0x36 ./Drivers/STM32F4xx_HAL_Driver/Src/stm32f4xx_hal_tim.o
 .text.TIM_ETR_SetConfig
                0x080084b8       0x40 ./Drivers/STM32F4xx_HAL_Driver/Src/stm32f4xx_hal_tim.o
                0x080084b8                TIM_ETR_SetConfig
 .text.TIM_CCxChannelCmd
                0x080084f8       0x4a ./Drivers/STM32F4xx_HAL_Driver/Src/stm32f4xx_hal_tim.o
                0x080084f8                TIM_CCxChannelCmd
 *fill*         0x08008542        0x2 
 .text.HAL_TIMEx_MasterConfigSynchronization
                0x08008544       0xf8 ./Drivers/STM32F4xx_HAL_Driver/Src/stm32f4xx_hal_tim_ex.o
                0x08008544                HAL_TIMEx_MasterConfigSynchronization
 .text.HAL_TIMEx_ConfigBreakDeadTime
                0x0800863c       0xa4 ./Drivers/STM32F4xx_HAL_Driver/Src/stm32f4xx_hal_tim_ex.o
                0x0800863c                HAL_TIMEx_ConfigBreakDeadTime
 .text.__cvt    0x080086e0       0xca C:/ST/STM32CubeIDE_1.19.0/STM32CubeIDE/plugins/com.st.stm32cube.ide.mcu.externaltools.gnu-tools-for-stm32.13.3.rel1.win32_1.0.0.202411081344/tools/bin/../lib/gcc/arm-none-eabi/13.3.1/../../../../arm-none-eabi/lib/thumb/v7e-m+fp/hard\libc_nano.a(libc_a-nano-vfprintf_float.o)
                0x080086e0                __cvt
 .text.__exponent
                0x080087aa       0x74 C:/ST/STM32CubeIDE_1.19.0/STM32CubeIDE/plugins/com.st.stm32cube.ide.mcu.externaltools.gnu-tools-for-stm32.13.3.rel1.win32_1.0.0.202411081344/tools/bin/../lib/gcc/arm-none-eabi/13.3.1/../../../../arm-none-eabi/lib/thumb/v7e-m+fp/hard\libc_nano.a(libc_a-nano-vfprintf_float.o)
                0x080087aa                __exponent
 *fill*         0x0800881e        0x2 
 .text._printf_float
                0x08008820      0x454 C:/ST/STM32CubeIDE_1.19.0/STM32CubeIDE/plugins/com.st.stm32cube.ide.mcu.externaltools.gnu-tools-for-stm32.13.3.rel1.win32_1.0.0.202411081344/tools/bin/../lib/gcc/arm-none-eabi/13.3.1/../../../../arm-none-eabi/lib/thumb/v7e-m+fp/hard\libc_nano.a(libc_a-nano-vfprintf_float.o)
                0x08008820                _printf_float
 .text._printf_common
                0x08008c74       0xda C:/ST/STM32CubeIDE_1.19.0/STM32CubeIDE/plugins/com.st.stm32cube.ide.mcu.externaltools.gnu-tools-for-stm32.13.3.rel1.win32_1.0.0.202411081344/tools/bin/../lib/gcc/arm-none-eabi/13.3.1/../../../../arm-none-eabi/lib/thumb/v7e-m+fp/hard\libc_nano.a(libc_a-nano-vfprintf_i.o)
                0x08008c74                _printf_common
 *fill*         0x08008d4e        0x2 
 .text._printf_i
                0x08008d50      0x23c C:/ST/STM32CubeIDE_1.19.0/STM32CubeIDE/plugins/com.st.stm32cube.ide.mcu.externaltools.gnu-tools-for-stm32.13.3.rel1.win32_1.0.0.202411081344/tools/bin/../lib/gcc/arm-none-eabi/13.3.1/../../../../arm-none-eabi/lib/thumb/v7e-m+fp/hard\libc_nano.a(libc_a-nano-vfprintf_i.o)
                0x08008d50                _printf_i
 .text.std      0x08008f8c       0x6c C:/ST/STM32CubeIDE_1.19.0/STM32CubeIDE/plugins/com.st.stm32cube.ide.mcu.externaltools.gnu-tools-for-stm32.13.3.rel1.win32_1.0.0.202411081344/tools/bin/../lib/gcc/arm-none-eabi/13.3.1/../../../../arm-none-eabi/lib/thumb/v7e-m+fp/hard\libc_nano.a(libc_a-findfp.o)
 .text.stdio_exit_handler
                0x08008ff8       0x18 C:/ST/STM32CubeIDE_1.19.0/STM32CubeIDE/plugins/com.st.stm32cube.ide.mcu.externaltools.gnu-tools-for-stm32.13.3.rel1.win32_1.0.0.202411081344/tools/bin/../lib/gcc/arm-none-eabi/13.3.1/../../../../arm-none-eabi/lib/thumb/v7e-m+fp/hard\libc_nano.a(libc_a-findfp.o)
 .text.cleanup_stdio
                0x08009010       0x40 C:/ST/STM32CubeIDE_1.19.0/STM32CubeIDE/plugins/com.st.stm32cube.ide.mcu.externaltools.gnu-tools-for-stm32.13.3.rel1.win32_1.0.0.202411081344/tools/bin/../lib/gcc/arm-none-eabi/13.3.1/../../../../arm-none-eabi/lib/thumb/v7e-m+fp/hard\libc_nano.a(libc_a-findfp.o)
 .text.global_stdio_init.part.0
                0x08009050       0x3c C:/ST/STM32CubeIDE_1.19.0/STM32CubeIDE/plugins/com.st.stm32cube.ide.mcu.externaltools.gnu-tools-for-stm32.13.3.rel1.win32_1.0.0.202411081344/tools/bin/../lib/gcc/arm-none-eabi/13.3.1/../../../../arm-none-eabi/lib/thumb/v7e-m+fp/hard\libc_nano.a(libc_a-findfp.o)
 .text.__sfp_lock_acquire
                0x0800908c        0xc C:/ST/STM32CubeIDE_1.19.0/STM32CubeIDE/plugins/com.st.stm32cube.ide.mcu.externaltools.gnu-tools-for-stm32.13.3.rel1.win32_1.0.0.202411081344/tools/bin/../lib/gcc/arm-none-eabi/13.3.1/../../../../arm-none-eabi/lib/thumb/v7e-m+fp/hard\libc_nano.a(libc_a-findfp.o)
                0x0800908c                __sfp_lock_acquire
 .text.__sfp_lock_release
                0x08009098        0xc C:/ST/STM32CubeIDE_1.19.0/STM32CubeIDE/plugins/com.st.stm32cube.ide.mcu.externaltools.gnu-tools-for-stm32.13.3.rel1.win32_1.0.0.202411081344/tools/bin/../lib/gcc/arm-none-eabi/13.3.1/../../../../arm-none-eabi/lib/thumb/v7e-m+fp/hard\libc_nano.a(libc_a-findfp.o)
                0x08009098                __sfp_lock_release
 .text.__sinit  0x080090a4       0x30 C:/ST/STM32CubeIDE_1.19.0/STM32CubeIDE/plugins/com.st.stm32cube.ide.mcu.externaltools.gnu-tools-for-stm32.13.3.rel1.win32_1.0.0.202411081344/tools/bin/../lib/gcc/arm-none-eabi/13.3.1/../../../../arm-none-eabi/lib/thumb/v7e-m+fp/hard\libc_nano.a(libc_a-findfp.o)
                0x080090a4                __sinit
 .text._fwalk_sglue
                0x080090d4       0x3c C:/ST/STM32CubeIDE_1.19.0/STM32CubeIDE/plugins/com.st.stm32cube.ide.mcu.externaltools.gnu-tools-for-stm32.13.3.rel1.win32_1.0.0.202411081344/tools/bin/../lib/gcc/arm-none-eabi/13.3.1/../../../../arm-none-eabi/lib/thumb/v7e-m+fp/hard\libc_nano.a(libc_a-fwalk.o)
                0x080090d4                _fwalk_sglue
 .text.printf   0x08009110       0x24 C:/ST/STM32CubeIDE_1.19.0/STM32CubeIDE/plugins/com.st.stm32cube.ide.mcu.externaltools.gnu-tools-for-stm32.13.3.rel1.win32_1.0.0.202411081344/tools/bin/../lib/gcc/arm-none-eabi/13.3.1/../../../../arm-none-eabi/lib/thumb/v7e-m+fp/hard\libc_nano.a(libc_a-printf.o)
                0x08009110                iprintf
                0x08009110                printf
 .text._puts_r  0x08009134       0xaa C:/ST/STM32CubeIDE_1.19.0/STM32CubeIDE/plugins/com.st.stm32cube.ide.mcu.externaltools.gnu-tools-for-stm32.13.3.rel1.win32_1.0.0.202411081344/tools/bin/../lib/gcc/arm-none-eabi/13.3.1/../../../../arm-none-eabi/lib/thumb/v7e-m+fp/hard\libc_nano.a(libc_a-puts.o)
                0x08009134                _puts_r
 *fill*         0x080091de        0x2 
 .text.puts     0x080091e0       0x10 C:/ST/STM32CubeIDE_1.19.0/STM32CubeIDE/plugins/com.st.stm32cube.ide.mcu.externaltools.gnu-tools-for-stm32.13.3.rel1.win32_1.0.0.202411081344/tools/bin/../lib/gcc/arm-none-eabi/13.3.1/../../../../arm-none-eabi/lib/thumb/v7e-m+fp/hard\libc_nano.a(libc_a-puts.o)
                0x080091e0                puts
 .text.sprintf  0x080091f0       0x44 C:/ST/STM32CubeIDE_1.19.0/STM32CubeIDE/plugins/com.st.stm32cube.ide.mcu.externaltools.gnu-tools-for-stm32.13.3.rel1.win32_1.0.0.202411081344/tools/bin/../lib/gcc/arm-none-eabi/13.3.1/../../../../arm-none-eabi/lib/thumb/v7e-m+fp/hard\libc_nano.a(libc_a-sprintf.o)
                0x080091f0                siprintf
                0x080091f0                sprintf
 .text.__sread  0x08009234       0x22 C:/ST/STM32CubeIDE_1.19.0/STM32CubeIDE/plugins/com.st.stm32cube.ide.mcu.externaltools.gnu-tools-for-stm32.13.3.rel1.win32_1.0.0.202411081344/tools/bin/../lib/gcc/arm-none-eabi/13.3.1/../../../../arm-none-eabi/lib/thumb/v7e-m+fp/hard\libc_nano.a(libc_a-stdio.o)
                0x08009234                __sread
 .text.__swrite
                0x08009256       0x38 C:/ST/STM32CubeIDE_1.19.0/STM32CubeIDE/plugins/com.st.stm32cube.ide.mcu.externaltools.gnu-tools-for-stm32.13.3.rel1.win32_1.0.0.202411081344/tools/bin/../lib/gcc/arm-none-eabi/13.3.1/../../../../arm-none-eabi/lib/thumb/v7e-m+fp/hard\libc_nano.a(libc_a-stdio.o)
                0x08009256                __swrite
 .text.__sseek  0x0800928e       0x24 C:/ST/STM32CubeIDE_1.19.0/STM32CubeIDE/plugins/com.st.stm32cube.ide.mcu.externaltools.gnu-tools-for-stm32.13.3.rel1.win32_1.0.0.202411081344/tools/bin/../lib/gcc/arm-none-eabi/13.3.1/../../../../arm-none-eabi/lib/thumb/v7e-m+fp/hard\libc_nano.a(libc_a-stdio.o)
                0x0800928e                __sseek
 .text.__sclose
                0x080092b2        0x8 C:/ST/STM32CubeIDE_1.19.0/STM32CubeIDE/plugins/com.st.stm32cube.ide.mcu.externaltools.gnu-tools-for-stm32.13.3.rel1.win32_1.0.0.202411081344/tools/bin/../lib/gcc/arm-none-eabi/13.3.1/../../../../arm-none-eabi/lib/thumb/v7e-m+fp/hard\libc_nano.a(libc_a-stdio.o)
                0x080092b2                __sclose
 .text.__swbuf_r
                0x080092ba       0x7c C:/ST/STM32CubeIDE_1.19.0/STM32CubeIDE/plugins/com.st.stm32cube.ide.mcu.externaltools.gnu-tools-for-stm32.13.3.rel1.win32_1.0.0.202411081344/tools/bin/../lib/gcc/arm-none-eabi/13.3.1/../../../../arm-none-eabi/lib/thumb/v7e-m+fp/hard\libc_nano.a(libc_a-wbuf.o)
                0x080092ba                __swbuf_r
 *fill*         0x08009336        0x2 
 .text.__swsetup_r
                0x08009338       0xac C:/ST/STM32CubeIDE_1.19.0/STM32CubeIDE/plugins/com.st.stm32cube.ide.mcu.externaltools.gnu-tools-for-stm32.13.3.rel1.win32_1.0.0.202411081344/tools/bin/../lib/gcc/arm-none-eabi/13.3.1/../../../../arm-none-eabi/lib/thumb/v7e-m+fp/hard\libc_nano.a(libc_a-wsetup.o)
                0x08009338                __swsetup_r
 .text.memset   0x080093e4       0x10 C:/ST/STM32CubeIDE_1.19.0/STM32CubeIDE/plugins/com.st.stm32cube.ide.mcu.externaltools.gnu-tools-for-stm32.13.3.rel1.win32_1.0.0.202411081344/tools/bin/../lib/gcc/arm-none-eabi/13.3.1/../../../../arm-none-eabi/lib/thumb/v7e-m+fp/hard\libc_nano.a(libc_a-memset.o)
                0x080093e4                memset
 .text._localeconv_r
                0x080093f4        0x8 C:/ST/STM32CubeIDE_1.19.0/STM32CubeIDE/plugins/com.st.stm32cube.ide.mcu.externaltools.gnu-tools-for-stm32.13.3.rel1.win32_1.0.0.202411081344/tools/bin/../lib/gcc/arm-none-eabi/13.3.1/../../../../arm-none-eabi/lib/thumb/v7e-m+fp/hard\libc_nano.a(libc_a-localeconv.o)
                0x080093f4                _localeconv_r
 .text._close_r
                0x080093fc       0x20 C:/ST/STM32CubeIDE_1.19.0/STM32CubeIDE/plugins/com.st.stm32cube.ide.mcu.externaltools.gnu-tools-for-stm32.13.3.rel1.win32_1.0.0.202411081344/tools/bin/../lib/gcc/arm-none-eabi/13.3.1/../../../../arm-none-eabi/lib/thumb/v7e-m+fp/hard\libc_nano.a(libc_a-closer.o)
                0x080093fc                _close_r
 .text._lseek_r
                0x0800941c       0x24 C:/ST/STM32CubeIDE_1.19.0/STM32CubeIDE/plugins/com.st.stm32cube.ide.mcu.externaltools.gnu-tools-for-stm32.13.3.rel1.win32_1.0.0.202411081344/tools/bin/../lib/gcc/arm-none-eabi/13.3.1/../../../../arm-none-eabi/lib/thumb/v7e-m+fp/hard\libc_nano.a(libc_a-lseekr.o)
                0x0800941c                _lseek_r
 .text._read_r  0x08009440       0x24 C:/ST/STM32CubeIDE_1.19.0/STM32CubeIDE/plugins/com.st.stm32cube.ide.mcu.externaltools.gnu-tools-for-stm32.13.3.rel1.win32_1.0.0.202411081344/tools/bin/../lib/gcc/arm-none-eabi/13.3.1/../../../../arm-none-eabi/lib/thumb/v7e-m+fp/hard\libc_nano.a(libc_a-readr.o)
                0x08009440                _read_r
 .text._write_r
                0x08009464       0x24 C:/ST/STM32CubeIDE_1.19.0/STM32CubeIDE/plugins/com.st.stm32cube.ide.mcu.externaltools.gnu-tools-for-stm32.13.3.rel1.win32_1.0.0.202411081344/tools/bin/../lib/gcc/arm-none-eabi/13.3.1/../../../../arm-none-eabi/lib/thumb/v7e-m+fp/hard\libc_nano.a(libc_a-writer.o)
                0x08009464                _write_r
 .text.__errno  0x08009488        0xc C:/ST/STM32CubeIDE_1.19.0/STM32CubeIDE/plugins/com.st.stm32cube.ide.mcu.externaltools.gnu-tools-for-stm32.13.3.rel1.win32_1.0.0.202411081344/tools/bin/../lib/gcc/arm-none-eabi/13.3.1/../../../../arm-none-eabi/lib/thumb/v7e-m+fp/hard\libc_nano.a(libc_a-errno.o)
                0x08009488                __errno
 .text.__libc_init_array
                0x08009494       0x48 C:/ST/STM32CubeIDE_1.19.0/STM32CubeIDE/plugins/com.st.stm32cube.ide.mcu.externaltools.gnu-tools-for-stm32.13.3.rel1.win32_1.0.0.202411081344/tools/bin/../lib/gcc/arm-none-eabi/13.3.1/../../../../arm-none-eabi/lib/thumb/v7e-m+fp/hard\libc_nano.a(libc_a-init.o)
                0x08009494                __libc_init_array
 .text.__retarget_lock_init_recursive
                0x080094dc        0x2 C:/ST/STM32CubeIDE_1.19.0/STM32CubeIDE/plugins/com.st.stm32cube.ide.mcu.externaltools.gnu-tools-for-stm32.13.3.rel1.win32_1.0.0.202411081344/tools/bin/../lib/gcc/arm-none-eabi/13.3.1/../../../../arm-none-eabi/lib/thumb/v7e-m+fp/hard\libc_nano.a(libc_a-lock.o)
                0x080094dc                __retarget_lock_init_recursive
 .text.__retarget_lock_acquire_recursive
                0x080094de        0x2 C:/ST/STM32CubeIDE_1.19.0/STM32CubeIDE/plugins/com.st.stm32cube.ide.mcu.externaltools.gnu-tools-for-stm32.13.3.rel1.win32_1.0.0.202411081344/tools/bin/../lib/gcc/arm-none-eabi/13.3.1/../../../../arm-none-eabi/lib/thumb/v7e-m+fp/hard\libc_nano.a(libc_a-lock.o)
                0x080094de                __retarget_lock_acquire_recursive
 .text.__retarget_lock_release_recursive
                0x080094e0        0x2 C:/ST/STM32CubeIDE_1.19.0/STM32CubeIDE/plugins/com.st.stm32cube.ide.mcu.externaltools.gnu-tools-for-stm32.13.3.rel1.win32_1.0.0.202411081344/tools/bin/../lib/gcc/arm-none-eabi/13.3.1/../../../../arm-none-eabi/lib/thumb/v7e-m+fp/hard\libc_nano.a(libc_a-lock.o)
                0x080094e0                __retarget_lock_release_recursive
 .text.memcpy   0x080094e2       0x1c C:/ST/STM32CubeIDE_1.19.0/STM32CubeIDE/plugins/com.st.stm32cube.ide.mcu.externaltools.gnu-tools-for-stm32.13.3.rel1.win32_1.0.0.202411081344/tools/bin/../lib/gcc/arm-none-eabi/13.3.1/../../../../arm-none-eabi/lib/thumb/v7e-m+fp/hard\libc_nano.a(libc_a-memcpy-stub.o)
                0x080094e2                memcpy
 .text.quorem   0x080094fe      0x110 C:/ST/STM32CubeIDE_1.19.0/STM32CubeIDE/plugins/com.st.stm32cube.ide.mcu.externaltools.gnu-tools-for-stm32.13.3.rel1.win32_1.0.0.202411081344/tools/bin/../lib/gcc/arm-none-eabi/13.3.1/../../../../arm-none-eabi/lib/thumb/v7e-m+fp/hard\libc_nano.a(libc_a-dtoa.o)
 *fill*         0x0800960e        0x2 
 .text._dtoa_r  0x08009610      0xba0 C:/ST/STM32CubeIDE_1.19.0/STM32CubeIDE/plugins/com.st.stm32cube.ide.mcu.externaltools.gnu-tools-for-stm32.13.3.rel1.win32_1.0.0.202411081344/tools/bin/../lib/gcc/arm-none-eabi/13.3.1/../../../../arm-none-eabi/lib/thumb/v7e-m+fp/hard\libc_nano.a(libc_a-dtoa.o)
                0x08009610                _dtoa_r
 .text._free_r  0x0800a1b0       0x94 C:/ST/STM32CubeIDE_1.19.0/STM32CubeIDE/plugins/com.st.stm32cube.ide.mcu.externaltools.gnu-tools-for-stm32.13.3.rel1.win32_1.0.0.202411081344/tools/bin/../lib/gcc/arm-none-eabi/13.3.1/../../../../arm-none-eabi/lib/thumb/v7e-m+fp/hard\libc_nano.a(libc_a-freer.o)
                0x0800a1b0                _free_r
 .text.malloc   0x0800a244       0x10 C:/ST/STM32CubeIDE_1.19.0/STM32CubeIDE/plugins/com.st.stm32cube.ide.mcu.externaltools.gnu-tools-for-stm32.13.3.rel1.win32_1.0.0.202411081344/tools/bin/../lib/gcc/arm-none-eabi/13.3.1/../../../../arm-none-eabi/lib/thumb/v7e-m+fp/hard\libc_nano.a(libc_a-malloc.o)
                0x0800a244                malloc
 .text.sbrk_aligned
                0x0800a254       0x44 C:/ST/STM32CubeIDE_1.19.0/STM32CubeIDE/plugins/com.st.stm32cube.ide.mcu.externaltools.gnu-tools-for-stm32.13.3.rel1.win32_1.0.0.202411081344/tools/bin/../lib/gcc/arm-none-eabi/13.3.1/../../../../arm-none-eabi/lib/thumb/v7e-m+fp/hard\libc_nano.a(libc_a-mallocr.o)
 .text._malloc_r
                0x0800a298      0x100 C:/ST/STM32CubeIDE_1.19.0/STM32CubeIDE/plugins/com.st.stm32cube.ide.mcu.externaltools.gnu-tools-for-stm32.13.3.rel1.win32_1.0.0.202411081344/tools/bin/../lib/gcc/arm-none-eabi/13.3.1/../../../../arm-none-eabi/lib/thumb/v7e-m+fp/hard\libc_nano.a(libc_a-mallocr.o)
                0x0800a298                _malloc_r
 .text.__malloc_lock
                0x0800a398        0xc C:/ST/STM32CubeIDE_1.19.0/STM32CubeIDE/plugins/com.st.stm32cube.ide.mcu.externaltools.gnu-tools-for-stm32.13.3.rel1.win32_1.0.0.202411081344/tools/bin/../lib/gcc/arm-none-eabi/13.3.1/../../../../arm-none-eabi/lib/thumb/v7e-m+fp/hard\libc_nano.a(libc_a-mlock.o)
                0x0800a398                __malloc_lock
 .text.__malloc_unlock
                0x0800a3a4        0xc C:/ST/STM32CubeIDE_1.19.0/STM32CubeIDE/plugins/com.st.stm32cube.ide.mcu.externaltools.gnu-tools-for-stm32.13.3.rel1.win32_1.0.0.202411081344/tools/bin/../lib/gcc/arm-none-eabi/13.3.1/../../../../arm-none-eabi/lib/thumb/v7e-m+fp/hard\libc_nano.a(libc_a-mlock.o)
                0x0800a3a4                __malloc_unlock
 .text._Balloc  0x0800a3b0       0x80 C:/ST/STM32CubeIDE_1.19.0/STM32CubeIDE/plugins/com.st.stm32cube.ide.mcu.externaltools.gnu-tools-for-stm32.13.3.rel1.win32_1.0.0.202411081344/tools/bin/../lib/gcc/arm-none-eabi/13.3.1/../../../../arm-none-eabi/lib/thumb/v7e-m+fp/hard\libc_nano.a(libc_a-mprec.o)
                0x0800a3b0                _Balloc
 .text._Bfree   0x0800a430       0x44 C:/ST/STM32CubeIDE_1.19.0/STM32CubeIDE/plugins/com.st.stm32cube.ide.mcu.externaltools.gnu-tools-for-stm32.13.3.rel1.win32_1.0.0.202411081344/tools/bin/../lib/gcc/arm-none-eabi/13.3.1/../../../../arm-none-eabi/lib/thumb/v7e-m+fp/hard\libc_nano.a(libc_a-mprec.o)
                0x0800a430                _Bfree
 .text.__multadd
                0x0800a474       0x8c C:/ST/STM32CubeIDE_1.19.0/STM32CubeIDE/plugins/com.st.stm32cube.ide.mcu.externaltools.gnu-tools-for-stm32.13.3.rel1.win32_1.0.0.202411081344/tools/bin/../lib/gcc/arm-none-eabi/13.3.1/../../../../arm-none-eabi/lib/thumb/v7e-m+fp/hard\libc_nano.a(libc_a-mprec.o)
                0x0800a474                __multadd
 .text.__hi0bits
                0x0800a500       0x3e C:/ST/STM32CubeIDE_1.19.0/STM32CubeIDE/plugins/com.st.stm32cube.ide.mcu.externaltools.gnu-tools-for-stm32.13.3.rel1.win32_1.0.0.202411081344/tools/bin/../lib/gcc/arm-none-eabi/13.3.1/../../../../arm-none-eabi/lib/thumb/v7e-m+fp/hard\libc_nano.a(libc_a-mprec.o)
                0x0800a500                __hi0bits
 .text.__lo0bits
                0x0800a53e       0x5a C:/ST/STM32CubeIDE_1.19.0/STM32CubeIDE/plugins/com.st.stm32cube.ide.mcu.externaltools.gnu-tools-for-stm32.13.3.rel1.win32_1.0.0.202411081344/tools/bin/../lib/gcc/arm-none-eabi/13.3.1/../../../../arm-none-eabi/lib/thumb/v7e-m+fp/hard\libc_nano.a(libc_a-mprec.o)
                0x0800a53e                __lo0bits
 .text.__i2b    0x0800a598       0x2c C:/ST/STM32CubeIDE_1.19.0/STM32CubeIDE/plugins/com.st.stm32cube.ide.mcu.externaltools.gnu-tools-for-stm32.13.3.rel1.win32_1.0.0.202411081344/tools/bin/../lib/gcc/arm-none-eabi/13.3.1/../../../../arm-none-eabi/lib/thumb/v7e-m+fp/hard\libc_nano.a(libc_a-mprec.o)
                0x0800a598                __i2b
 .text.__multiply
                0x0800a5c4      0x144 C:/ST/STM32CubeIDE_1.19.0/STM32CubeIDE/plugins/com.st.stm32cube.ide.mcu.externaltools.gnu-tools-for-stm32.13.3.rel1.win32_1.0.0.202411081344/tools/bin/../lib/gcc/arm-none-eabi/13.3.1/../../../../arm-none-eabi/lib/thumb/v7e-m+fp/hard\libc_nano.a(libc_a-mprec.o)
                0x0800a5c4                __multiply
 .text.__pow5mult
                0x0800a708       0xb4 C:/ST/STM32CubeIDE_1.19.0/STM32CubeIDE/plugins/com.st.stm32cube.ide.mcu.externaltools.gnu-tools-for-stm32.13.3.rel1.win32_1.0.0.202411081344/tools/bin/../lib/gcc/arm-none-eabi/13.3.1/../../../../arm-none-eabi/lib/thumb/v7e-m+fp/hard\libc_nano.a(libc_a-mprec.o)
                0x0800a708                __pow5mult
 .text.__lshift
                0x0800a7bc       0xd8 C:/ST/STM32CubeIDE_1.19.0/STM32CubeIDE/plugins/com.st.stm32cube.ide.mcu.externaltools.gnu-tools-for-stm32.13.3.rel1.win32_1.0.0.202411081344/tools/bin/../lib/gcc/arm-none-eabi/13.3.1/../../../../arm-none-eabi/lib/thumb/v7e-m+fp/hard\libc_nano.a(libc_a-mprec.o)
                0x0800a7bc                __lshift
 .text.__mcmp   0x0800a894       0x36 C:/ST/STM32CubeIDE_1.19.0/STM32CubeIDE/plugins/com.st.stm32cube.ide.mcu.externaltools.gnu-tools-for-stm32.13.3.rel1.win32_1.0.0.202411081344/tools/bin/../lib/gcc/arm-none-eabi/13.3.1/../../../../arm-none-eabi/lib/thumb/v7e-m+fp/hard\libc_nano.a(libc_a-mprec.o)
                0x0800a894                __mcmp
 *fill*         0x0800a8ca        0x2 
 .text.__mdiff  0x0800a8cc      0x128 C:/ST/STM32CubeIDE_1.19.0/STM32CubeIDE/plugins/com.st.stm32cube.ide.mcu.externaltools.gnu-tools-for-stm32.13.3.rel1.win32_1.0.0.202411081344/tools/bin/../lib/gcc/arm-none-eabi/13.3.1/../../../../arm-none-eabi/lib/thumb/v7e-m+fp/hard\libc_nano.a(libc_a-mprec.o)
                0x0800a8cc                __mdiff
 .text.__d2b    0x0800a9f4       0xb0 C:/ST/STM32CubeIDE_1.19.0/STM32CubeIDE/plugins/com.st.stm32cube.ide.mcu.externaltools.gnu-tools-for-stm32.13.3.rel1.win32_1.0.0.202411081344/tools/bin/../lib/gcc/arm-none-eabi/13.3.1/../../../../arm-none-eabi/lib/thumb/v7e-m+fp/hard\libc_nano.a(libc_a-mprec.o)
                0x0800a9f4                __d2b
 .text.__ssputs_r
                0x0800aaa4       0xb6 C:/ST/STM32CubeIDE_1.19.0/STM32CubeIDE/plugins/com.st.stm32cube.ide.mcu.externaltools.gnu-tools-for-stm32.13.3.rel1.win32_1.0.0.202411081344/tools/bin/../lib/gcc/arm-none-eabi/13.3.1/../../../../arm-none-eabi/lib/thumb/v7e-m+fp/hard\libc_nano.a(libc_a-nano-svfprintf.o)
                0x0800aaa4                __ssputs_r
 *fill*         0x0800ab5a        0x2 
 .text._svfprintf_r
                0x0800ab5c      0x1f8 C:/ST/STM32CubeIDE_1.19.0/STM32CubeIDE/plugins/com.st.stm32cube.ide.mcu.externaltools.gnu-tools-for-stm32.13.3.rel1.win32_1.0.0.202411081344/tools/bin/../lib/gcc/arm-none-eabi/13.3.1/../../../../arm-none-eabi/lib/thumb/v7e-m+fp/hard\libc_nano.a(libc_a-nano-svfprintf.o)
                0x0800ab5c                _svfiprintf_r
                0x0800ab5c                _svfprintf_r
 .text.__sfputc_r
                0x0800ad54       0x2e C:/ST/STM32CubeIDE_1.19.0/STM32CubeIDE/plugins/com.st.stm32cube.ide.mcu.externaltools.gnu-tools-for-stm32.13.3.rel1.win32_1.0.0.202411081344/tools/bin/../lib/gcc/arm-none-eabi/13.3.1/../../../../arm-none-eabi/lib/thumb/v7e-m+fp/hard\libc_nano.a(libc_a-nano-vfprintf.o)
 .text.__sfputs_r
                0x0800ad82       0x24 C:/ST/STM32CubeIDE_1.19.0/STM32CubeIDE/plugins/com.st.stm32cube.ide.mcu.externaltools.gnu-tools-for-stm32.13.3.rel1.win32_1.0.0.202411081344/tools/bin/../lib/gcc/arm-none-eabi/13.3.1/../../../../arm-none-eabi/lib/thumb/v7e-m+fp/hard\libc_nano.a(libc_a-nano-vfprintf.o)
                0x0800ad82                __sfputs_r
 *fill*         0x0800ada6        0x2 
 .text._vfprintf_r
                0x0800ada8      0x230 C:/ST/STM32CubeIDE_1.19.0/STM32CubeIDE/plugins/com.st.stm32cube.ide.mcu.externaltools.gnu-tools-for-stm32.13.3.rel1.win32_1.0.0.202411081344/tools/bin/../lib/gcc/arm-none-eabi/13.3.1/../../../../arm-none-eabi/lib/thumb/v7e-m+fp/hard\libc_nano.a(libc_a-nano-vfprintf.o)
                0x0800ada8                _vfprintf_r
                0x0800ada8                _vfiprintf_r
 .text.__sflush_r
                0x0800afd8      0x108 C:/ST/STM32CubeIDE_1.19.0/STM32CubeIDE/plugins/com.st.stm32cube.ide.mcu.externaltools.gnu-tools-for-stm32.13.3.rel1.win32_1.0.0.202411081344/tools/bin/../lib/gcc/arm-none-eabi/13.3.1/../../../../arm-none-eabi/lib/thumb/v7e-m+fp/hard\libc_nano.a(libc_a-fflush.o)
                0x0800afd8                __sflush_r
 .text._fflush_r
                0x0800b0e0       0x50 C:/ST/STM32CubeIDE_1.19.0/STM32CubeIDE/plugins/com.st.stm32cube.ide.mcu.externaltools.gnu-tools-for-stm32.13.3.rel1.win32_1.0.0.202411081344/tools/bin/../lib/gcc/arm-none-eabi/13.3.1/../../../../arm-none-eabi/lib/thumb/v7e-m+fp/hard\libc_nano.a(libc_a-fflush.o)
                0x0800b0e0                _fflush_r
 .text.__swhatbuf_r
                0x0800b130       0x4c C:/ST/STM32CubeIDE_1.19.0/STM32CubeIDE/plugins/com.st.stm32cube.ide.mcu.externaltools.gnu-tools-for-stm32.13.3.rel1.win32_1.0.0.202411081344/tools/bin/../lib/gcc/arm-none-eabi/13.3.1/../../../../arm-none-eabi/lib/thumb/v7e-m+fp/hard\libc_nano.a(libc_a-makebuf.o)
                0x0800b130                __swhatbuf_r
 .text.__smakebuf_r
                0x0800b17c       0x78 C:/ST/STM32CubeIDE_1.19.0/STM32CubeIDE/plugins/com.st.stm32cube.ide.mcu.externaltools.gnu-tools-for-stm32.13.3.rel1.win32_1.0.0.202411081344/tools/bin/../lib/gcc/arm-none-eabi/13.3.1/../../../../arm-none-eabi/lib/thumb/v7e-m+fp/hard\libc_nano.a(libc_a-makebuf.o)
                0x0800b17c                __smakebuf_r
 .text.memmove  0x0800b1f4       0x34 C:/ST/STM32CubeIDE_1.19.0/STM32CubeIDE/plugins/com.st.stm32cube.ide.mcu.externaltools.gnu-tools-for-stm32.13.3.rel1.win32_1.0.0.202411081344/tools/bin/../lib/gcc/arm-none-eabi/13.3.1/../../../../arm-none-eabi/lib/thumb/v7e-m+fp/hard\libc_nano.a(libc_a-memmove.o)
                0x0800b1f4                memmove
 .text._fstat_r
                0x0800b228       0x24 C:/ST/STM32CubeIDE_1.19.0/STM32CubeIDE/plugins/com.st.stm32cube.ide.mcu.externaltools.gnu-tools-for-stm32.13.3.rel1.win32_1.0.0.202411081344/tools/bin/../lib/gcc/arm-none-eabi/13.3.1/../../../../arm-none-eabi/lib/thumb/v7e-m+fp/hard\libc_nano.a(libc_a-fstatr.o)
                0x0800b228                _fstat_r
 .text._isatty_r
                0x0800b24c       0x20 C:/ST/STM32CubeIDE_1.19.0/STM32CubeIDE/plugins/com.st.stm32cube.ide.mcu.externaltools.gnu-tools-for-stm32.13.3.rel1.win32_1.0.0.202411081344/tools/bin/../lib/gcc/arm-none-eabi/13.3.1/../../../../arm-none-eabi/lib/thumb/v7e-m+fp/hard\libc_nano.a(libc_a-isattyr.o)
                0x0800b24c                _isatty_r
 .text._sbrk_r  0x0800b26c       0x20 C:/ST/STM32CubeIDE_1.19.0/STM32CubeIDE/plugins/com.st.stm32cube.ide.mcu.externaltools.gnu-tools-for-stm32.13.3.rel1.win32_1.0.0.202411081344/tools/bin/../lib/gcc/arm-none-eabi/13.3.1/../../../../arm-none-eabi/lib/thumb/v7e-m+fp/hard\libc_nano.a(libc_a-sbrkr.o)
                0x0800b26c                _sbrk_r
 .text.__assert_func
                0x0800b28c       0x3c C:/ST/STM32CubeIDE_1.19.0/STM32CubeIDE/plugins/com.st.stm32cube.ide.mcu.externaltools.gnu-tools-for-stm32.13.3.rel1.win32_1.0.0.202411081344/tools/bin/../lib/gcc/arm-none-eabi/13.3.1/../../../../arm-none-eabi/lib/thumb/v7e-m+fp/hard\libc_nano.a(libc_a-assert.o)
                0x0800b28c                __assert_func
 .text._calloc_r
                0x0800b2c8       0x28 C:/ST/STM32CubeIDE_1.19.0/STM32CubeIDE/plugins/com.st.stm32cube.ide.mcu.externaltools.gnu-tools-for-stm32.13.3.rel1.win32_1.0.0.202411081344/tools/bin/../lib/gcc/arm-none-eabi/13.3.1/../../../../arm-none-eabi/lib/thumb/v7e-m+fp/hard\libc_nano.a(libc_a-callocr.o)
                0x0800b2c8                _calloc_r
 .text.__ascii_mbtowc
                0x0800b2f0       0x24 C:/ST/STM32CubeIDE_1.19.0/STM32CubeIDE/plugins/com.st.stm32cube.ide.mcu.externaltools.gnu-tools-for-stm32.13.3.rel1.win32_1.0.0.202411081344/tools/bin/../lib/gcc/arm-none-eabi/13.3.1/../../../../arm-none-eabi/lib/thumb/v7e-m+fp/hard\libc_nano.a(libc_a-mbtowc_r.o)
                0x0800b2f0                __ascii_mbtowc
 .text._realloc_r
                0x0800b314       0x5c C:/ST/STM32CubeIDE_1.19.0/STM32CubeIDE/plugins/com.st.stm32cube.ide.mcu.externaltools.gnu-tools-for-stm32.13.3.rel1.win32_1.0.0.202411081344/tools/bin/../lib/gcc/arm-none-eabi/13.3.1/../../../../arm-none-eabi/lib/thumb/v7e-m+fp/hard\libc_nano.a(libc_a-reallocr.o)
                0x0800b314                _realloc_r
 .text.__ascii_wctomb
                0x0800b370       0x1a C:/ST/STM32CubeIDE_1.19.0/STM32CubeIDE/plugins/com.st.stm32cube.ide.mcu.externaltools.gnu-tools-for-stm32.13.3.rel1.win32_1.0.0.202411081344/tools/bin/../lib/gcc/arm-none-eabi/13.3.1/../../../../arm-none-eabi/lib/thumb/v7e-m+fp/hard\libc_nano.a(libc_a-wctomb_r.o)
                0x0800b370                __ascii_wctomb
 *fill*         0x0800b38a        0x2 
 .text.fprintf  0x0800b38c       0x24 C:/ST/STM32CubeIDE_1.19.0/STM32CubeIDE/plugins/com.st.stm32cube.ide.mcu.externaltools.gnu-tools-for-stm32.13.3.rel1.win32_1.0.0.202411081344/tools/bin/../lib/gcc/arm-none-eabi/13.3.1/../../../../arm-none-eabi/lib/thumb/v7e-m+fp/hard\libc_nano.a(libc_a-fprintf.o)
                0x0800b38c                fiprintf
                0x0800b38c                fprintf
 .text.abort    0x0800b3b0        0xe C:/ST/STM32CubeIDE_1.19.0/STM32CubeIDE/plugins/com.st.stm32cube.ide.mcu.externaltools.gnu-tools-for-stm32.13.3.rel1.win32_1.0.0.202411081344/tools/bin/../lib/gcc/arm-none-eabi/13.3.1/../../../../arm-none-eabi/lib/thumb/v7e-m+fp/hard\libc_nano.a(libc_a-abort.o)
                0x0800b3b0                abort
 .text._malloc_usable_size_r
                0x0800b3be       0x10 C:/ST/STM32CubeIDE_1.19.0/STM32CubeIDE/plugins/com.st.stm32cube.ide.mcu.externaltools.gnu-tools-for-stm32.13.3.rel1.win32_1.0.0.202411081344/tools/bin/../lib/gcc/arm-none-eabi/13.3.1/../../../../arm-none-eabi/lib/thumb/v7e-m+fp/hard\libc_nano.a(libc_a-msizer.o)
                0x0800b3be                _malloc_usable_size_r
 .text._raise_r
                0x0800b3ce       0x50 C:/ST/STM32CubeIDE_1.19.0/STM32CubeIDE/plugins/com.st.stm32cube.ide.mcu.externaltools.gnu-tools-for-stm32.13.3.rel1.win32_1.0.0.202411081344/tools/bin/../lib/gcc/arm-none-eabi/13.3.1/../../../../arm-none-eabi/lib/thumb/v7e-m+fp/hard\libc_nano.a(libc_a-signal.o)
                0x0800b3ce                _raise_r
 *fill*         0x0800b41e        0x2 
 .text.raise    0x0800b420       0x10 C:/ST/STM32CubeIDE_1.19.0/STM32CubeIDE/plugins/com.st.stm32cube.ide.mcu.externaltools.gnu-tools-for-stm32.13.3.rel1.win32_1.0.0.202411081344/tools/bin/../lib/gcc/arm-none-eabi/13.3.1/../../../../arm-none-eabi/lib/thumb/v7e-m+fp/hard\libc_nano.a(libc_a-signal.o)
                0x0800b420                raise
 .text._kill_r  0x0800b430       0x24 C:/ST/STM32CubeIDE_1.19.0/STM32CubeIDE/plugins/com.st.stm32cube.ide.mcu.externaltools.gnu-tools-for-stm32.13.3.rel1.win32_1.0.0.202411081344/tools/bin/../lib/gcc/arm-none-eabi/13.3.1/../../../../arm-none-eabi/lib/thumb/v7e-m+fp/hard\libc_nano.a(libc_a-signalr.o)
                0x0800b430                _kill_r
 .text._getpid_r
                0x0800b454        0x4 C:/ST/STM32CubeIDE_1.19.0/STM32CubeIDE/plugins/com.st.stm32cube.ide.mcu.externaltools.gnu-tools-for-stm32.13.3.rel1.win32_1.0.0.202411081344/tools/bin/../lib/gcc/arm-none-eabi/13.3.1/../../../../arm-none-eabi/lib/thumb/v7e-m+fp/hard\libc_nano.a(libc_a-signalr.o)
                0x0800b454                _getpid_r
 .text.fmodf    0x0800b458       0x40 C:/ST/STM32CubeIDE_1.19.0/STM32CubeIDE/plugins/com.st.stm32cube.ide.mcu.externaltools.gnu-tools-for-stm32.13.3.rel1.win32_1.0.0.202411081344/tools/bin/../lib/gcc/arm-none-eabi/13.3.1/../../../../arm-none-eabi/lib/thumb/v7e-m+fp/hard\libm.a(libm_a-wf_fmod.o)
                0x0800b458                fmodf
 .text.roundf   0x0800b498       0x48 C:/ST/STM32CubeIDE_1.19.0/STM32CubeIDE/plugins/com.st.stm32cube.ide.mcu.externaltools.gnu-tools-for-stm32.13.3.rel1.win32_1.0.0.202411081344/tools/bin/../lib/gcc/arm-none-eabi/13.3.1/../../../../arm-none-eabi/lib/thumb/v7e-m+fp/hard\libm.a(libm_a-sf_round.o)
                0x0800b498                roundf
 .text.__ieee754_fmodf
                0x0800b4e0      0x104 C:/ST/STM32CubeIDE_1.19.0/STM32CubeIDE/plugins/com.st.stm32cube.ide.mcu.externaltools.gnu-tools-for-stm32.13.3.rel1.win32_1.0.0.202411081344/tools/bin/../lib/gcc/arm-none-eabi/13.3.1/../../../../arm-none-eabi/lib/thumb/v7e-m+fp/hard\libm.a(libm_a-ef_fmod.o)
                0x0800b4e0                __ieee754_fmodf
 *(.glue_7)
 .glue_7        0x0800b5e4        0x0 linker stubs
 *(.glue_7t)
 .glue_7t       0x0800b5e4        0x0 linker stubs
 *(.eh_frame)
 .eh_frame      0x0800b5e4        0x0 C:/ST/STM32CubeIDE_1.19.0/STM32CubeIDE/plugins/com.st.stm32cube.ide.mcu.externaltools.gnu-tools-for-stm32.13.3.rel1.win32_1.0.0.202411081344/tools/bin/../lib/gcc/arm-none-eabi/13.3.1/thumb/v7e-m+fp/hard/crtbegin.o
 *(.init)
 .init          0x0800b5e4        0x4 C:/ST/STM32CubeIDE_1.19.0/STM32CubeIDE/plugins/com.st.stm32cube.ide.mcu.externaltools.gnu-tools-for-stm32.13.3.rel1.win32_1.0.0.202411081344/tools/bin/../lib/gcc/arm-none-eabi/13.3.1/thumb/v7e-m+fp/hard/crti.o
                0x0800b5e4                _init
 .init          0x0800b5e8        0x8 C:/ST/STM32CubeIDE_1.19.0/STM32CubeIDE/plugins/com.st.stm32cube.ide.mcu.externaltools.gnu-tools-for-stm32.13.3.rel1.win32_1.0.0.202411081344/tools/bin/../lib/gcc/arm-none-eabi/13.3.1/thumb/v7e-m+fp/hard/crtn.o
 *(.fini)
 .fini          0x0800b5f0        0x4 C:/ST/STM32CubeIDE_1.19.0/STM32CubeIDE/plugins/com.st.stm32cube.ide.mcu.externaltools.gnu-tools-for-stm32.13.3.rel1.win32_1.0.0.202411081344/tools/bin/../lib/gcc/arm-none-eabi/13.3.1/thumb/v7e-m+fp/hard/crti.o
                0x0800b5f0                _fini
 .fini          0x0800b5f4        0x8 C:/ST/STM32CubeIDE_1.19.0/STM32CubeIDE/plugins/com.st.stm32cube.ide.mcu.externaltools.gnu-tools-for-stm32.13.3.rel1.win32_1.0.0.202411081344/tools/bin/../lib/gcc/arm-none-eabi/13.3.1/thumb/v7e-m+fp/hard/crtn.o
                0x0800b5fc                        . = ALIGN (0x4)
                0x0800b5fc                        _etext = .

.vfp11_veneer   0x0800b5fc        0x0
 .vfp11_veneer  0x0800b5fc        0x0 linker stubs

.v4_bx          0x0800b5fc        0x0
 .v4_bx         0x0800b5fc        0x0 linker stubs

.iplt           0x0800b5fc        0x0
 .iplt          0x0800b5fc        0x0 C:/ST/STM32CubeIDE_1.19.0/STM32CubeIDE/plugins/com.st.stm32cube.ide.mcu.externaltools.gnu-tools-for-stm32.13.3.rel1.win32_1.0.0.202411081344/tools/bin/../lib/gcc/arm-none-eabi/13.3.1/thumb/v7e-m+fp/hard/crtbegin.o

.rodata         0x0800b600      0xcac
                0x0800b600                        . = ALIGN (0x4)
 *(.rodata)
 .rodata        0x0800b600       0x14 ./Core/Src/main.o
 .rodata        0x0800b614      0x16a ./Core/Src/map_track_alg.o
 *(.rodata*)
 *fill*         0x0800b77e        0x2 
 .rodata.DELTA_X
                0x0800b780       0x10 ./Core/Src/map_track_alg.o
                0x0800b780                DELTA_X
 .rodata.DELTA_Y
                0x0800b790       0x10 ./Core/Src/map_track_alg.o
                0x0800b790                DELTA_Y
 .rodata.Font7x10
                0x0800b7a0      0x76c ./Core/Src/ssd1306_fonts.o
 .rodata.Font_7x10
                0x0800bf0c        0xc ./Core/Src/ssd1306_fonts.o
                0x0800bf0c                Font_7x10
 .rodata.AHBPrescTable
                0x0800bf18       0x10 ./Core/Src/system_stm32f4xx.o
                0x0800bf18                AHBPrescTable
 .rodata.APBPrescTable
                0x0800bf28        0x8 ./Core/Src/system_stm32f4xx.o
                0x0800bf28                APBPrescTable
 .rodata._printf_float.str1.1
                0x0800bf30      0x171 C:/ST/STM32CubeIDE_1.19.0/STM32CubeIDE/plugins/com.st.stm32cube.ide.mcu.externaltools.gnu-tools-for-stm32.13.3.rel1.win32_1.0.0.202411081344/tools/bin/../lib/gcc/arm-none-eabi/13.3.1/../../../../arm-none-eabi/lib/thumb/v7e-m+fp/hard\libc_nano.a(libc_a-nano-vfprintf_float.o)
                                 0x12 (size before relaxing)
 .rodata._printf_i.str1.1
                0x0800c0a1       0x22 C:/ST/STM32CubeIDE_1.19.0/STM32CubeIDE/plugins/com.st.stm32cube.ide.mcu.externaltools.gnu-tools-for-stm32.13.3.rel1.win32_1.0.0.202411081344/tools/bin/../lib/gcc/arm-none-eabi/13.3.1/../../../../arm-none-eabi/lib/thumb/v7e-m+fp/hard\libc_nano.a(libc_a-nano-vfprintf_i.o)
 .rodata._dtoa_r.str1.1
                0x0800c0a1       0x8f C:/ST/STM32CubeIDE_1.19.0/STM32CubeIDE/plugins/com.st.stm32cube.ide.mcu.externaltools.gnu-tools-for-stm32.13.3.rel1.win32_1.0.0.202411081344/tools/bin/../lib/gcc/arm-none-eabi/13.3.1/../../../../arm-none-eabi/lib/thumb/v7e-m+fp/hard\libc_nano.a(libc_a-dtoa.o)
 .rodata._Balloc.str1.1
                0x0800c0a1       0x70 C:/ST/STM32CubeIDE_1.19.0/STM32CubeIDE/plugins/com.st.stm32cube.ide.mcu.externaltools.gnu-tools-for-stm32.13.3.rel1.win32_1.0.0.202411081344/tools/bin/../lib/gcc/arm-none-eabi/13.3.1/../../../../arm-none-eabi/lib/thumb/v7e-m+fp/hard\libc_nano.a(libc_a-mprec.o)
 .rodata.__multadd.str1.1
                0x0800c0a1       0x11 C:/ST/STM32CubeIDE_1.19.0/STM32CubeIDE/plugins/com.st.stm32cube.ide.mcu.externaltools.gnu-tools-for-stm32.13.3.rel1.win32_1.0.0.202411081344/tools/bin/../lib/gcc/arm-none-eabi/13.3.1/../../../../arm-none-eabi/lib/thumb/v7e-m+fp/hard\libc_nano.a(libc_a-mprec.o)
 *fill*         0x0800c0a1        0x3 
 .rodata.p05.0  0x0800c0a4        0xc C:/ST/STM32CubeIDE_1.19.0/STM32CubeIDE/plugins/com.st.stm32cube.ide.mcu.externaltools.gnu-tools-for-stm32.13.3.rel1.win32_1.0.0.202411081344/tools/bin/../lib/gcc/arm-none-eabi/13.3.1/../../../../arm-none-eabi/lib/thumb/v7e-m+fp/hard\libc_nano.a(libc_a-mprec.o)
 .rodata.__mprec_bigtens
                0x0800c0b0       0x28 C:/ST/STM32CubeIDE_1.19.0/STM32CubeIDE/plugins/com.st.stm32cube.ide.mcu.externaltools.gnu-tools-for-stm32.13.3.rel1.win32_1.0.0.202411081344/tools/bin/../lib/gcc/arm-none-eabi/13.3.1/../../../../arm-none-eabi/lib/thumb/v7e-m+fp/hard\libc_nano.a(libc_a-mprec.o)
                0x0800c0b0                __mprec_bigtens
 .rodata.__mprec_tens
                0x0800c0d8       0xc8 C:/ST/STM32CubeIDE_1.19.0/STM32CubeIDE/plugins/com.st.stm32cube.ide.mcu.externaltools.gnu-tools-for-stm32.13.3.rel1.win32_1.0.0.202411081344/tools/bin/../lib/gcc/arm-none-eabi/13.3.1/../../../../arm-none-eabi/lib/thumb/v7e-m+fp/hard\libc_nano.a(libc_a-mprec.o)
                0x0800c0d8                __mprec_tens
 .rodata._svfprintf_r.str1.1
                0x0800c1a0       0x11 C:/ST/STM32CubeIDE_1.19.0/STM32CubeIDE/plugins/com.st.stm32cube.ide.mcu.externaltools.gnu-tools-for-stm32.13.3.rel1.win32_1.0.0.202411081344/tools/bin/../lib/gcc/arm-none-eabi/13.3.1/../../../../arm-none-eabi/lib/thumb/v7e-m+fp/hard\libc_nano.a(libc_a-nano-svfprintf.o)
 .rodata._vfprintf_r.str1.1
                0x0800c1a0       0x11 C:/ST/STM32CubeIDE_1.19.0/STM32CubeIDE/plugins/com.st.stm32cube.ide.mcu.externaltools.gnu-tools-for-stm32.13.3.rel1.win32_1.0.0.202411081344/tools/bin/../lib/gcc/arm-none-eabi/13.3.1/../../../../arm-none-eabi/lib/thumb/v7e-m+fp/hard\libc_nano.a(libc_a-nano-vfprintf.o)
 .rodata._setlocale_r.str1.1
                0x0800c1a0        0x9 C:/ST/STM32CubeIDE_1.19.0/STM32CubeIDE/plugins/com.st.stm32cube.ide.mcu.externaltools.gnu-tools-for-stm32.13.3.rel1.win32_1.0.0.202411081344/tools/bin/../lib/gcc/arm-none-eabi/13.3.1/../../../../arm-none-eabi/lib/thumb/v7e-m+fp/hard\libc_nano.a(libc_a-locale.o)
 .rodata.str1.1
                0x0800c1a0        0x2 C:/ST/STM32CubeIDE_1.19.0/STM32CubeIDE/plugins/com.st.stm32cube.ide.mcu.externaltools.gnu-tools-for-stm32.13.3.rel1.win32_1.0.0.202411081344/tools/bin/../lib/gcc/arm-none-eabi/13.3.1/../../../../arm-none-eabi/lib/thumb/v7e-m+fp/hard\libc_nano.a(libc_a-locale.o)
 .rodata.__assert_func.str1.1
                0x0800c1a0       0x3d C:/ST/STM32CubeIDE_1.19.0/STM32CubeIDE/plugins/com.st.stm32cube.ide.mcu.externaltools.gnu-tools-for-stm32.13.3.rel1.win32_1.0.0.202411081344/tools/bin/../lib/gcc/arm-none-eabi/13.3.1/../../../../arm-none-eabi/lib/thumb/v7e-m+fp/hard\libc_nano.a(libc_a-assert.o)
 .rodata._ctype_
                0x0800c1a0      0x101 C:/ST/STM32CubeIDE_1.19.0/STM32CubeIDE/plugins/com.st.stm32cube.ide.mcu.externaltools.gnu-tools-for-stm32.13.3.rel1.win32_1.0.0.202411081344/tools/bin/../lib/gcc/arm-none-eabi/13.3.1/../../../../arm-none-eabi/lib/thumb/v7e-m+fp/hard\libc_nano.a(libc_a-ctype_.o)
                0x0800c1a0                _ctype_
 *fill*         0x0800c2a1        0x3 
 .rodata.Zero   0x0800c2a4        0x8 C:/ST/STM32CubeIDE_1.19.0/STM32CubeIDE/plugins/com.st.stm32cube.ide.mcu.externaltools.gnu-tools-for-stm32.13.3.rel1.win32_1.0.0.202411081344/tools/bin/../lib/gcc/arm-none-eabi/13.3.1/../../../../arm-none-eabi/lib/thumb/v7e-m+fp/hard\libm.a(libm_a-ef_fmod.o)
                0x0800c2ac                        . = ALIGN (0x4)

.ARM.extab      0x0800c2ac        0x0
                0x0800c2ac                        . = ALIGN (0x4)
 *(.ARM.extab* .gnu.linkonce.armextab.*)
                0x0800c2ac                        . = ALIGN (0x4)

.ARM            0x0800c2ac        0x8
                0x0800c2ac                        . = ALIGN (0x4)
                0x0800c2ac                        __exidx_start = .
 *(.ARM.exidx*)
 .ARM.exidx     0x0800c2ac        0x8 C:/ST/STM32CubeIDE_1.19.0/STM32CubeIDE/plugins/com.st.stm32cube.ide.mcu.externaltools.gnu-tools-for-stm32.13.3.rel1.win32_1.0.0.202411081344/tools/bin/../lib/gcc/arm-none-eabi/13.3.1/../../../../arm-none-eabi/lib/thumb/v7e-m+fp/hard\libc_nano.a(libc_a-memchr.o)
 .ARM.exidx     0x0800c2b4        0x0 C:/ST/STM32CubeIDE_1.19.0/STM32CubeIDE/plugins/com.st.stm32cube.ide.mcu.externaltools.gnu-tools-for-stm32.13.3.rel1.win32_1.0.0.202411081344/tools/bin/../lib/gcc/arm-none-eabi/13.3.1/../../../../arm-none-eabi/lib/thumb/v7e-m+fp/hard\libc_nano.a(libc_a-strlen.o)
                                  0x8 (size before relaxing)
 .ARM.exidx     0x0800c2b4        0x0 C:/ST/STM32CubeIDE_1.19.0/STM32CubeIDE/plugins/com.st.stm32cube.ide.mcu.externaltools.gnu-tools-for-stm32.13.3.rel1.win32_1.0.0.202411081344/tools/bin/../lib/gcc/arm-none-eabi/13.3.1/thumb/v7e-m+fp/hard\libgcc.a(_udivmoddi4.o)
                                  0x8 (size before relaxing)
                0x0800c2b4                        __exidx_end = .
                0x0800c2b4                        . = ALIGN (0x4)

.preinit_array  0x0800c2b4        0x0
                0x0800c2b4                        . = ALIGN (0x4)
                0x0800c2b4                        PROVIDE (__preinit_array_start = .)
 *(.preinit_array*)
                0x0800c2b4                        PROVIDE (__preinit_array_end = .)
                0x0800c2b4                        . = ALIGN (0x4)

.init_array     0x0800c2b4        0x4
                0x0800c2b4                        . = ALIGN (0x4)
                0x0800c2b4                        PROVIDE (__init_array_start = .)
 *(SORT_BY_NAME(.init_array.*))
 *(.init_array*)
 .init_array    0x0800c2b4        0x4 C:/ST/STM32CubeIDE_1.19.0/STM32CubeIDE/plugins/com.st.stm32cube.ide.mcu.externaltools.gnu-tools-for-stm32.13.3.rel1.win32_1.0.0.202411081344/tools/bin/../lib/gcc/arm-none-eabi/13.3.1/thumb/v7e-m+fp/hard/crtbegin.o
                0x0800c2b8                        PROVIDE (__init_array_end = .)
                0x0800c2b8                        . = ALIGN (0x4)

.fini_array     0x0800c2b8        0x4
                0x0800c2b8                        . = ALIGN (0x4)
                [!provide]                        PROVIDE (__fini_array_start = .)
 *(SORT_BY_NAME(.fini_array.*))
 *(.fini_array*)
 .fini_array    0x0800c2b8        0x4 C:/ST/STM32CubeIDE_1.19.0/STM32CubeIDE/plugins/com.st.stm32cube.ide.mcu.externaltools.gnu-tools-for-stm32.13.3.rel1.win32_1.0.0.202411081344/tools/bin/../lib/gcc/arm-none-eabi/13.3.1/thumb/v7e-m+fp/hard/crtbegin.o
                [!provide]                        PROVIDE (__fini_array_end = .)
                0x0800c2bc                        . = ALIGN (0x4)
                0x0800c2bc                        _sidata = LOADADDR (.data)

.rel.dyn        0x0800c2bc        0x0
 .rel.iplt      0x0800c2bc        0x0 C:/ST/STM32CubeIDE_1.19.0/STM32CubeIDE/plugins/com.st.stm32cube.ide.mcu.externaltools.gnu-tools-for-stm32.13.3.rel1.win32_1.0.0.202411081344/tools/bin/../lib/gcc/arm-none-eabi/13.3.1/thumb/v7e-m+fp/hard/crtbegin.o

.data           0x20000000      0x1d8 load address 0x0800c2bc
                0x20000000                        . = ALIGN (0x4)
                0x20000000                        _sdata = .
 *(.data)
 *(.data*)
 .data.SystemCoreClock
                0x20000000        0x4 ./Core/Src/system_stm32f4xx.o
                0x20000000                SystemCoreClock
 .data.g_i2cAddr
                0x20000004        0x1 ./Core/Src/vl53l0x.o
                0x20000004                g_i2cAddr
 *fill*         0x20000005        0x3 
 .data.uwTickPrio
                0x20000008        0x4 ./Drivers/STM32F4xx_HAL_Driver/Src/stm32f4xx_hal.o
                0x20000008                uwTickPrio
 .data.uwTickFreq
                0x2000000c        0x1 ./Drivers/STM32F4xx_HAL_Driver/Src/stm32f4xx_hal.o
                0x2000000c                uwTickFreq
 *fill*         0x2000000d        0x3 
 .data.__sglue  0x20000010        0xc C:/ST/STM32CubeIDE_1.19.0/STM32CubeIDE/plugins/com.st.stm32cube.ide.mcu.externaltools.gnu-tools-for-stm32.13.3.rel1.win32_1.0.0.202411081344/tools/bin/../lib/gcc/arm-none-eabi/13.3.1/../../../../arm-none-eabi/lib/thumb/v7e-m+fp/hard\libc_nano.a(libc_a-findfp.o)
                0x20000010                __sglue
 .data._impure_ptr
                0x2000001c        0x4 C:/ST/STM32CubeIDE_1.19.0/STM32CubeIDE/plugins/com.st.stm32cube.ide.mcu.externaltools.gnu-tools-for-stm32.13.3.rel1.win32_1.0.0.202411081344/tools/bin/../lib/gcc/arm-none-eabi/13.3.1/../../../../arm-none-eabi/lib/thumb/v7e-m+fp/hard\libc_nano.a(libc_a-impure.o)
                0x2000001c                _impure_ptr
 .data._impure_data
                0x20000020       0x4c C:/ST/STM32CubeIDE_1.19.0/STM32CubeIDE/plugins/com.st.stm32cube.ide.mcu.externaltools.gnu-tools-for-stm32.13.3.rel1.win32_1.0.0.202411081344/tools/bin/../lib/gcc/arm-none-eabi/13.3.1/../../../../arm-none-eabi/lib/thumb/v7e-m+fp/hard\libc_nano.a(libc_a-impure.o)
                0x20000020                _impure_data
 .data.__global_locale
                0x2000006c      0x16c C:/ST/STM32CubeIDE_1.19.0/STM32CubeIDE/plugins/com.st.stm32cube.ide.mcu.externaltools.gnu-tools-for-stm32.13.3.rel1.win32_1.0.0.202411081344/tools/bin/../lib/gcc/arm-none-eabi/13.3.1/../../../../arm-none-eabi/lib/thumb/v7e-m+fp/hard\libc_nano.a(libc_a-locale.o)
                0x2000006c                __global_locale
 *(.RamFunc)
 *(.RamFunc*)
                0x200001d8                        . = ALIGN (0x4)
                0x200001d8                        _edata = .
                0x0800c494                        _siccmram = LOADADDR (.ccmram)

.igot.plt       0x200001d8        0x0 load address 0x0800c494
 .igot.plt      0x200001d8        0x0 C:/ST/STM32CubeIDE_1.19.0/STM32CubeIDE/plugins/com.st.stm32cube.ide.mcu.externaltools.gnu-tools-for-stm32.13.3.rel1.win32_1.0.0.202411081344/tools/bin/../lib/gcc/arm-none-eabi/13.3.1/thumb/v7e-m+fp/hard/crtbegin.o

.ccmram         0x10000000        0x0 load address 0x0800c494
                0x10000000                        . = ALIGN (0x4)
                0x10000000                        _sccmram = .
 *(.ccmram)
 *(.ccmram*)
                0x10000000                        . = ALIGN (0x4)
                0x10000000                        _eccmram = .
                0x10000000                        . = ALIGN (0x4)

.bss            0x200001d8     0x1b80
                0x200001d8                        _sbss = .
                0x200001d8                        __bss_start__ = _sbss
 *(.bss)
 .bss           0x200001d8       0x1c C:/ST/STM32CubeIDE_1.19.0/STM32CubeIDE/plugins/com.st.stm32cube.ide.mcu.externaltools.gnu-tools-for-stm32.13.3.rel1.win32_1.0.0.202411081344/tools/bin/../lib/gcc/arm-none-eabi/13.3.1/thumb/v7e-m+fp/hard/crtbegin.o
 *(.bss*)
 .bss.angle     0x200001f4        0x4 ./Core/Src/drv8833.o
                0x200001f4                angle
 .bss.flag_read_imu
                0x200001f8        0x1 ./Core/Src/drv8833.o
                0x200001f8                flag_read_imu
 *fill*         0x200001f9        0x3 
 .bss.omegaA    0x200001fc        0x4 ./Core/Src/encoder_motor.o
                0x200001fc                omegaA
 .bss.omegaB    0x20000200        0x4 ./Core/Src/encoder_motor.o
                0x20000200                omegaB
 .bss.encA_last
                0x20000204        0x4 ./Core/Src/encoder_motor.o
 .bss.encB_last
                0x20000208        0x4 ./Core/Src/encoder_motor.o
 .bss.hi2c1     0x2000020c       0x54 ./Core/Src/main.o
                0x2000020c                hi2c1
 .bss.hi2c2     0x20000260       0x54 ./Core/Src/main.o
                0x20000260                hi2c2
 .bss.hi2c3     0x200002b4       0x54 ./Core/Src/main.o
                0x200002b4                hi2c3
 .bss.htim1     0x20000308       0x48 ./Core/Src/main.o
                0x20000308                htim1
 .bss.htim2     0x20000350       0x48 ./Core/Src/main.o
                0x20000350                htim2
 .bss.htim3     0x20000398       0x48 ./Core/Src/main.o
                0x20000398                htim3
 .bss.htim4     0x200003e0       0x48 ./Core/Src/main.o
                0x200003e0                htim4
 .bss.mouse     0x20000428        0xc ./Core/Src/main.o
                0x20000428                mouse
 .bss.maze      0x20000434     0x1400 ./Core/Src/main.o
                0x20000434                maze
 .bss.stage     0x20001834        0x4 ./Core/Src/main.o
                0x20001834                stage
 .bss.distance1
                0x20001838        0x2 ./Core/Src/main.o
                0x20001838                distance1
 .bss.distance2
                0x2000183a        0x2 ./Core/Src/main.o
                0x2000183a                distance2
 .bss.distance3
                0x2000183c        0x2 ./Core/Src/main.o
                0x2000183c                distance3
 *fill*         0x2000183e        0x2 
 .bss.textBuffer
                0x20001840       0x40 ./Core/Src/main.o
 .bss.distanceStr1
                0x20001880        0xa ./Core/Src/main.o
                0x20001880                distanceStr1
 *fill*         0x2000188a        0x2 
 .bss.distanceStr2
                0x2000188c        0xa ./Core/Src/main.o
                0x2000188c                distanceStr2
 *fill*         0x20001896        0x2 
 .bss.distanceStr3
                0x20001898        0xa ./Core/Src/main.o
                0x20001898                distanceStr3
 *fill*         0x200018a2        0x2 
 .bss.Raw       0x200018a4       0x30 ./Core/Src/main.o
                0x200018a4                Raw
 .bss.last_button_press.0
                0x200018d4        0x4 ./Core/Src/main.o
 .bss.buffer1   0x200018d8       0x13 ./Core/Src/map_track_alg.o
                0x200018d8                buffer1
 *fill*         0x200018eb        0x1 
 .bss.buffer2   0x200018ec       0x13 ./Core/Src/map_track_alg.o
                0x200018ec                buffer2
 *fill*         0x200018ff        0x1 
 .bss.buffer3   0x20001900       0x13 ./Core/Src/map_track_alg.o
                0x20001900                buffer3
 *fill*         0x20001913        0x1 
 .bss.buffer4   0x20001914       0x13 ./Core/Src/map_track_alg.o
                0x20001914                buffer4
 *fill*         0x20001927        0x1 
 .bss.samples   0x20001928        0x2 ./Core/Src/mpu6050.o
                0x20001928                samples
 .bss.gyro_x_offset
                0x2000192a        0x2 ./Core/Src/mpu6050.o
                0x2000192a                gyro_x_offset
 .bss.gyro_y_offset
                0x2000192c        0x2 ./Core/Src/mpu6050.o
                0x2000192c                gyro_y_offset
 .bss.gyro_z_offset
                0x2000192e        0x2 ./Core/Src/mpu6050.o
                0x2000192e                gyro_z_offset
 .bss.lastTick.0
                0x20001930        0x4 ./Core/Src/mpu6050.o
 .bss.SSD1306_Buffer
                0x20001934      0x200 ./Core/Src/ssd1306.o
 .bss.SSD1306   0x20001b34        0x6 ./Core/Src/ssd1306.o
 *fill*         0x20001b3a        0x2 
 .bss.__sbrk_heap_end
                0x20001b3c        0x4 ./Core/Src/sysmem.o
 .bss.g_ioTimeout
                0x20001b40        0x2 ./Core/Src/vl53l0x.o
                0x20001b40                g_ioTimeout
 .bss.g_isTimeout
                0x20001b42        0x1 ./Core/Src/vl53l0x.o
                0x20001b42                g_isTimeout
 *fill*         0x20001b43        0x1 
 .bss.g_timeoutStartMs
                0x20001b44        0x2 ./Core/Src/vl53l0x.o
                0x20001b44                g_timeoutStartMs
 .bss.g_stopVariable
                0x20001b46        0x1 ./Core/Src/vl53l0x.o
                0x20001b46                g_stopVariable
 *fill*         0x20001b47        0x1 
 .bss.g_measTimBudUs
                0x20001b48        0x4 ./Core/Src/vl53l0x.o
                0x20001b48                g_measTimBudUs
 .bss.VL53L0X_I2C_Handler
                0x20001b4c       0x54 ./Core/Src/vl53l0x.o
                0x20001b4c                VL53L0X_I2C_Handler
 .bss.msgBuffer
                0x20001ba0       0x64 ./Core/Src/vl53l0x.o
 .bss.i2cStat   0x20001c04        0x1 ./Core/Src/vl53l0x.o
                0x20001c04                i2cStat
 *fill*         0x20001c05        0x3 
 .bss.uwTick    0x20001c08        0x4 ./Drivers/STM32F4xx_HAL_Driver/Src/stm32f4xx_hal.o
                0x20001c08                uwTick
 .bss.__sf      0x20001c0c      0x138 C:/ST/STM32CubeIDE_1.19.0/STM32CubeIDE/plugins/com.st.stm32cube.ide.mcu.externaltools.gnu-tools-for-stm32.13.3.rel1.win32_1.0.0.202411081344/tools/bin/../lib/gcc/arm-none-eabi/13.3.1/../../../../arm-none-eabi/lib/thumb/v7e-m+fp/hard\libc_nano.a(libc_a-findfp.o)
                0x20001c0c                __sf
 .bss.__stdio_exit_handler
                0x20001d44        0x4 C:/ST/STM32CubeIDE_1.19.0/STM32CubeIDE/plugins/com.st.stm32cube.ide.mcu.externaltools.gnu-tools-for-stm32.13.3.rel1.win32_1.0.0.202411081344/tools/bin/../lib/gcc/arm-none-eabi/13.3.1/../../../../arm-none-eabi/lib/thumb/v7e-m+fp/hard\libc_nano.a(libc_a-findfp.o)
                0x20001d44                __stdio_exit_handler
 .bss.errno     0x20001d48        0x4 C:/ST/STM32CubeIDE_1.19.0/STM32CubeIDE/plugins/com.st.stm32cube.ide.mcu.externaltools.gnu-tools-for-stm32.13.3.rel1.win32_1.0.0.202411081344/tools/bin/../lib/gcc/arm-none-eabi/13.3.1/../../../../arm-none-eabi/lib/thumb/v7e-m+fp/hard\libc_nano.a(libc_a-reent.o)
                0x20001d48                errno
 .bss.__lock___malloc_recursive_mutex