../Drivers/VL53L0X/vl53l0x.c:44:6:writeReg	32	static
../Drivers/VL53L0X/vl53l0x.c:51:6:writeReg16Bit	32	static
../Drivers/VL53L0X/vl53l0x.c:58:6:writeReg32Bit	32	static
../Drivers/VL53L0X/vl53l0x.c:65:9:readReg	40	static
../Drivers/VL53L0X/vl53l0x.c:75:10:readReg16Bit	40	static
../Drivers/VL53L0X/vl53l0x.c:85:10:readReg32Bit	40	static
../Drivers/VL53L0X/vl53l0x.c:95:6:writeMulti	32	static
../Drivers/VL53L0X/vl53l0x.c:103:6:readMulti	32	static
../Drivers/VL53L0X/vl53l0x.c:111:6:setAddress_VL53L0X	16	static
../Drivers/VL53L0X/vl53l0x.c:116:9:getAddress_VL53L0X	4	static
../Drivers/VL53L0X/vl53l0x.c:128:7:initVL53L0X	32	static
../Drivers/VL53L0X/vl53l0x.c:365:7:setSignalRateLimit	16	static
../Drivers/VL53L0X/vl53l0x.c:375:7:getSignalRateLimit	8	static
../Drivers/VL53L0X/vl53l0x.c:387:7:setMeasurementTimingBudget	80	static
../Drivers/VL53L0X/vl53l0x.c:476:10:getMeasurementTimingBudget	56	static
../Drivers/VL53L0X/vl53l0x.c:530:7:setVcselPulsePeriod	56	static
../Drivers/VL53L0X/vl53l0x.c:707:9:getVcselPulsePeriod	16	static
../Drivers/VL53L0X/vl53l0x.c:726:6:startContinuous	24	static
../Drivers/VL53L0X/vl53l0x.c:764:6:stopContinuous	8	static
../Drivers/VL53L0X/vl53l0x.c:779:10:readRangeContinuousMillimeters	32	static
../Drivers/VL53L0X/vl53l0x.c:822:10:readRangeSingleMillimeters	16	static
../Drivers/VL53L0X/vl53l0x.c:844:7:timeoutOccurred	16	static
../Drivers/VL53L0X/vl53l0x.c:851:6:setTimeout	16	static
../Drivers/VL53L0X/vl53l0x.c:855:10:getTimeout	4	static
../Drivers/VL53L0X/vl53l0x.c:864:7:getSpadInfo	24	static
../Drivers/VL53L0X/vl53l0x.c:906:6:getSequenceStepEnables	24	static
../Drivers/VL53L0X/vl53l0x.c:921:6:getSequenceStepTimeouts	16	static
../Drivers/VL53L0X/vl53l0x.c:955:10:decodeTimeout	16	static
../Drivers/VL53L0X/vl53l0x.c:966:10:encodeTimeout	24	static
../Drivers/VL53L0X/vl53l0x.c:990:10:timeoutMclksToMicroseconds	24	static
../Drivers/VL53L0X/vl53l0x.c:999:10:timeoutMicrosecondsToMclks	24	static
../Drivers/VL53L0X/vl53l0x.c:1008:7:performSingleRefCalibration	16	static
